Archive member included to satisfy reference by file (symbol)

/usr/local/Cellar/arm-none-eabi-gcc/10.3-2021.07/gcc/bin/../lib/gcc/arm-none-eabi/10.3.1/thumb/v6-m/nofp/libgcc.a(_dvmd_tls.o)
                              CMakeFiles/5110-LCD-RP2040.dir/Users/petrvanek/Documents/pico-sdk/src/rp2_common/pico_divider/divider.S.obj (__aeabi_idiv0)
/usr/local/Cellar/arm-none-eabi-gcc/10.3-2021.07/gcc/bin/../lib/gcc/arm-none-eabi/10.3.1/../../../../arm-none-eabi/lib/thumb/v6-m/nofp/libg.a(lib_a-calloc.o)
                              CMakeFiles/5110-LCD-RP2040.dir/Users/petrvanek/Documents/pico-sdk/src/rp2_common/pico_malloc/pico_malloc.c.obj (calloc)
/usr/local/Cellar/arm-none-eabi-gcc/10.3-2021.07/gcc/bin/../lib/gcc/arm-none-eabi/10.3.1/../../../../arm-none-eabi/lib/thumb/v6-m/nofp/libg.a(lib_a-callocr.o)
                              /usr/local/Cellar/arm-none-eabi-gcc/10.3-2021.07/gcc/bin/../lib/gcc/arm-none-eabi/10.3.1/../../../../arm-none-eabi/lib/thumb/v6-m/nofp/libg.a(lib_a-calloc.o) (_calloc_r)
/usr/local/Cellar/arm-none-eabi-gcc/10.3-2021.07/gcc/bin/../lib/gcc/arm-none-eabi/10.3.1/../../../../arm-none-eabi/lib/thumb/v6-m/nofp/libg.a(lib_a-errno.o)
                              /usr/local/Cellar/arm-none-eabi-gcc/10.3-2021.07/gcc/bin/../lib/gcc/arm-none-eabi/10.3.1/../../../../arm-none-eabi/lib/thumb/v6-m/nofp/libg.a(lib_a-callocr.o) (__errno)
/usr/local/Cellar/arm-none-eabi-gcc/10.3-2021.07/gcc/bin/../lib/gcc/arm-none-eabi/10.3.1/../../../../arm-none-eabi/lib/thumb/v6-m/nofp/libg.a(lib_a-impure.o)
                              /usr/local/Cellar/arm-none-eabi-gcc/10.3-2021.07/gcc/bin/../lib/gcc/arm-none-eabi/10.3.1/../../../../arm-none-eabi/lib/thumb/v6-m/nofp/libg.a(lib_a-calloc.o) (_impure_ptr)
/usr/local/Cellar/arm-none-eabi-gcc/10.3-2021.07/gcc/bin/../lib/gcc/arm-none-eabi/10.3.1/../../../../arm-none-eabi/lib/thumb/v6-m/nofp/libg.a(lib_a-init.o)
                              /usr/local/Cellar/arm-none-eabi-gcc/10.3-2021.07/gcc/bin/../lib/gcc/arm-none-eabi/10.3.1/../../../../arm-none-eabi/lib/thumb/v6-m/nofp/crt0.o (__libc_init_array)
/usr/local/Cellar/arm-none-eabi-gcc/10.3-2021.07/gcc/bin/../lib/gcc/arm-none-eabi/10.3.1/../../../../arm-none-eabi/lib/thumb/v6-m/nofp/libg.a(lib_a-malloc.o)
                              CMakeFiles/5110-LCD-RP2040.dir/Users/petrvanek/Documents/pico-sdk/src/rp2_common/pico_malloc/pico_malloc.c.obj (malloc)
/usr/local/Cellar/arm-none-eabi-gcc/10.3-2021.07/gcc/bin/../lib/gcc/arm-none-eabi/10.3.1/../../../../arm-none-eabi/lib/thumb/v6-m/nofp/libg.a(lib_a-mallocr.o)
                              /usr/local/Cellar/arm-none-eabi-gcc/10.3-2021.07/gcc/bin/../lib/gcc/arm-none-eabi/10.3.1/../../../../arm-none-eabi/lib/thumb/v6-m/nofp/libg.a(lib_a-callocr.o) (_malloc_r)
/usr/local/Cellar/arm-none-eabi-gcc/10.3-2021.07/gcc/bin/../lib/gcc/arm-none-eabi/10.3.1/../../../../arm-none-eabi/lib/thumb/v6-m/nofp/libg.a(lib_a-mlock.o)
                              /usr/local/Cellar/arm-none-eabi-gcc/10.3-2021.07/gcc/bin/../lib/gcc/arm-none-eabi/10.3.1/../../../../arm-none-eabi/lib/thumb/v6-m/nofp/libg.a(lib_a-mallocr.o) (__malloc_lock)
/usr/local/Cellar/arm-none-eabi-gcc/10.3-2021.07/gcc/bin/../lib/gcc/arm-none-eabi/10.3.1/../../../../arm-none-eabi/lib/thumb/v6-m/nofp/libg.a(lib_a-realloc.o)
                              CMakeFiles/5110-LCD-RP2040.dir/Users/petrvanek/Documents/pico-sdk/src/rp2_common/pico_malloc/pico_malloc.c.obj (realloc)
/usr/local/Cellar/arm-none-eabi-gcc/10.3-2021.07/gcc/bin/../lib/gcc/arm-none-eabi/10.3.1/../../../../arm-none-eabi/lib/thumb/v6-m/nofp/libg.a(lib_a-reallocr.o)
                              /usr/local/Cellar/arm-none-eabi-gcc/10.3-2021.07/gcc/bin/../lib/gcc/arm-none-eabi/10.3.1/../../../../arm-none-eabi/lib/thumb/v6-m/nofp/libg.a(lib_a-realloc.o) (_realloc_r)
/usr/local/Cellar/arm-none-eabi-gcc/10.3-2021.07/gcc/bin/../lib/gcc/arm-none-eabi/10.3.1/../../../../arm-none-eabi/lib/thumb/v6-m/nofp/libg.a(lib_a-sbrkr.o)
                              /usr/local/Cellar/arm-none-eabi-gcc/10.3-2021.07/gcc/bin/../lib/gcc/arm-none-eabi/10.3.1/../../../../arm-none-eabi/lib/thumb/v6-m/nofp/libg.a(lib_a-mallocr.o) (_sbrk_r)
/usr/local/Cellar/arm-none-eabi-gcc/10.3-2021.07/gcc/bin/../lib/gcc/arm-none-eabi/10.3.1/../../../../arm-none-eabi/lib/thumb/v6-m/nofp/libg.a(lib_a-strlen-stub.o)
                              CMakeFiles/5110-LCD-RP2040.dir/Users/petrvanek/Documents/pico-sdk/src/rp2_common/pico_stdio/stdio.c.obj (strlen)
/usr/local/Cellar/arm-none-eabi-gcc/10.3-2021.07/gcc/bin/../lib/gcc/arm-none-eabi/10.3.1/../../../../arm-none-eabi/lib/thumb/v6-m/nofp/libg.a(lib_a-freer.o)
                              /usr/local/Cellar/arm-none-eabi-gcc/10.3-2021.07/gcc/bin/../lib/gcc/arm-none-eabi/10.3.1/../../../../arm-none-eabi/lib/thumb/v6-m/nofp/libg.a(lib_a-malloc.o) (_free_r)
/usr/local/Cellar/arm-none-eabi-gcc/10.3-2021.07/gcc/bin/../lib/gcc/arm-none-eabi/10.3.1/../../../../arm-none-eabi/lib/thumb/v6-m/nofp/libg.a(lib_a-lock.o)
[...]
Memory Configuration

Name             Origin             Length             Attributes
FLASH            0x0000000010000000 0x0000000000200000 xr
RAM              0x0000000020000000 0x0000000000040000 xrw
SCRATCH_X        0x0000000020040000 0x0000000000001000 xrw
SCRATCH_Y        0x0000000020041000 0x0000000000001000 xrw
*default*        0x0000000000000000 0xffffffffffffffff

Linker script and memory map

LOAD /usr/local/Cellar/arm-none-eabi-gcc/10.3-2021.07/gcc/bin/../lib/gcc/arm-none-eabi/10.3.1/thumb/v6-m/nofp/crti.o
LOAD /usr/local/Cellar/arm-none-eabi-gcc/10.3-2021.07/gcc/bin/../lib/gcc/arm-none-eabi/10.3.1/thumb/v6-m/nofp/crtbegin.o
LOAD /usr/local/Cellar/arm-none-eabi-gcc/10.3-2021.07/gcc/bin/../lib/gcc/arm-none-eabi/10.3.1/../../../../arm-none-eabi/lib/thumb/v6-m/nofp/crt0.o

.flash_begin    0x0000000010000000        0x0
                0x0000000010000000                __flash_binary_start = .

.boot2          0x0000000010000000      0x100
                0x0000000010000000                __boot2_start__ = .
 *(.boot2)
 .boot2         0x0000000010000000      0x100 /var/folders/n1/kpp51td55rs4y5mdpjkx8hrm0000gn/T//ccLn6fkU.o
                0x0000000010000100                __boot2_end__ = .
                0x0000000000000001                ASSERT (((__boot2_end__ - __boot2_start__) == 0x100), ERROR: Pico second stage bootloader must be 256 bytes in size)

.text           0x0000000010000100     0x4c70
                0x0000000010000100                __logical_binary_start = .
 *(.vectors)
 .vectors       0x0000000010000100       0xd4 CMakeFiles/5110-LCD-RP2040.dir/Users/petrvanek/Documents/pico-sdk/src/rp2_common/pico_standard_link/crt0.S.obj
                0x0000000010000100                __VECTOR_TABLE
                0x0000000010000100                __vectors
                0x00000000100001c0                __default_isrs_start
                0x00000000100001c0                isr_invalid
                0x00000000100001c2                isr_nmi
                0x00000000100001c4                isr_hardfault
                0x00000000100001c6                isr_svcall
                0x00000000100001c8                isr_pendsv
                0x00000000100001ca                isr_systick
                0x00000000100001cc                isr_irq28
                0x00000000100001cc                isr_irq19
                0x00000000100001cc                isr_irq0
                0x00000000100001cc                isr_irq6
                0x00000000100001cc                isr_irq22
                0x00000000100001cc                isr_irq17
                0x00000000100001cc                isr_irq14
                0x00000000100001cc                isr_irq2
                0x00000000100001cc                isr_irq10
                0x00000000100001cc                isr_irq8
                0x00000000100001cc                isr_irq24
                0x00000000100001cc                isr_irq1
                0x00000000100001cc                isr_irq7
                0x00000000100001cc                isr_irq21
                0x00000000100001cc                isr_irq20
                0x00000000100001cc                isr_irq15
                0x00000000100001cc                isr_irq25
                0x00000000100001cc                isr_irq4
                0x00000000100001cc                isr_irq16
                0x00000000100001cc                isr_irq29
                0x00000000100001cc                isr_irq26
                0x00000000100001cc                __default_isrs_end
                0x00000000100001cc                isr_irq3
                0x00000000100001cc                isr_irq9
                0x00000000100001cc                __unhandled_user_irq
                0x00000000100001cc                isr_irq13
                0x00000000100001cc                isr_irq27
                0x00000000100001cc                isr_irq31
                0x00000000100001cc                isr_irq5
                0x00000000100001cc                isr_irq11
                0x00000000100001cc                isr_irq23
                0x00000000100001cc                isr_irq18
                0x00000000100001cc                isr_irq30
                0x00000000100001cc                isr_irq12
                0x00000000100001d2                unhandled_user_irq_num_in_r0
 *(.binary_info_header)
 .binary_info_header
                0x00000000100001d4       0x14 CMakeFiles/5110-LCD-RP2040.dir/Users/petrvanek/Documents/pico-sdk/src/rp2_common/pico_standard_link/crt0.S.obj
                0x00000000100001e8                __binary_info_header_end = .
 *(.reset)
 .reset         0x00000000100001e8       0xa8 CMakeFiles/5110-LCD-RP2040.dir/Users/petrvanek/Documents/pico-sdk/src/rp2_common/pico_standard_link/crt0.S.obj
                0x00000000100001e8                _entry_point
                0x0000000010000266                __get_current_exception
 .reset         0x0000000010000290       0x30 CMakeFiles/5110-LCD-RP2040.dir/Users/petrvanek/Documents/pico-sdk/src/rp2_common/pico_standard_link/binary_info.c.obj
 *(.init)
 .init          0x00000000100002c0        0x4 /usr/local/Cellar/arm-none-eabi-gcc/10.3-2021.07/gcc/bin/../lib/gcc/arm-none-eabi/10.3.1/thumb/v6-m/nofp/crti.o
                0x00000000100002c0                _init
 *(EXCLUDE_FILE(*libm.a: *libc.a:*lib_a-mem*.o *libgcc.a:) .text*)
 .text          0x00000000100002c4       0x48 /usr/local/Cellar/arm-none-eabi-gcc/10.3-2021.07/gcc/bin/../lib/gcc/arm-none-eabi/10.3.1/thumb/v6-m/nofp/crtbegin.o
 .text._ZN7Lcd51109backLightEb
                0x000000001000030c       0x1a CMakeFiles/5110-LCD-RP2040.dir/lcd5110.cpp.obj
                0x000000001000030c                Lcd5110::backLight(bool)
 .text._ZN7Lcd51103cmdEh
                0x0000000010000326       0x36 CMakeFiles/5110-LCD-RP2040.dir/lcd5110.cpp.obj
                0x0000000010000326                Lcd5110::cmd(unsigned char)
 .text._ZN7Lcd51107refreshEv
                0x000000001000035c       0x6a CMakeFiles/5110-LCD-RP2040.dir/lcd5110.cpp.obj
                0x000000001000035c                Lcd5110::refresh()
 .text._ZN7Lcd51103clsEv
                0x00000000100003c6       0x18 CMakeFiles/5110-LCD-RP2040.dir/lcd5110.cpp.obj
                0x00000000100003c6                Lcd5110::cls()
 *fill*         0x00000000100003de        0x2 
 .text._ZN7Lcd51104initEhh
                0x00000000100003e0       0xbc CMakeFiles/5110-LCD-RP2040.dir/lcd5110.cpp.obj
                0x00000000100003e0                Lcd5110::init(unsigned char, unsigned char)
 .text._ZN7Lcd51104plotEssb
                0x000000001000049c       0x82 CMakeFiles/5110-LCD-RP2040.dir/lcd5110.cpp.obj
                0x000000001000049c                Lcd5110::plot(short, short, bool)
 .text._ZN7Lcd51104drawEssssb
                0x000000001000051e       0xc4 CMakeFiles/5110-LCD-RP2040.dir/lcd5110.cpp.obj
                0x000000001000051e                Lcd5110::draw(short, short, short, short, bool)
 .text._ZN7Lcd51108fillRectEssssb
                0x00000000100005e2       0x5e CMakeFiles/5110-LCD-RP2040.dir/lcd5110.cpp.obj
                0x00000000100005e2                Lcd5110::fillRect(short, short, short, short, bool)
 .text._ZN7Lcd51106charAtEsshbh
                0x0000000010000640      0x190 CMakeFiles/5110-LCD-RP2040.dir/lcd5110.cpp.obj
                0x0000000010000640                Lcd5110::charAt(short, short, unsigned char, bool, unsigned char)
 .text._ZN7Lcd51104putcEh
                0x00000000100007d0       0x68 CMakeFiles/5110-LCD-RP2040.dir/lcd5110.cpp.obj
                0x00000000100007d0                Lcd5110::putc(unsigned char)
 .text._ZN7Lcd51105printEPKc
                0x0000000010000838       0x1e CMakeFiles/5110-LCD-RP2040.dir/lcd5110.cpp.obj
                0x0000000010000838                Lcd5110::print(char const*)
 *fill*         0x0000000010000856        0x2 
 .text._ZN7Lcd51105printEl
                0x0000000010000858       0x24 CMakeFiles/5110-LCD-RP2040.dir/lcd5110.cpp.obj
                0x0000000010000858                Lcd5110::print(long)
 .text._ZN7Lcd51102atEss
                0x000000001000087c       0x14 CMakeFiles/5110-LCD-RP2040.dir/lcd5110.cpp.obj
                0x000000001000087c                Lcd5110::at(short, short)
 .text.main     0x0000000010000890      0x26c CMakeFiles/5110-LCD-RP2040.dir/main.cpp.obj
                0x0000000010000890                main
 .text.gpio_set_function
                0x0000000010000afc       0x30 CMakeFiles/5110-LCD-RP2040.dir/Users/petrvanek/Documents/pico-sdk/src/rp2_common/hardware_gpio/gpio.c.obj
                0x0000000010000afc                gpio_set_function
 .text.gpio_init
                0x0000000010000b2c       0x16 CMakeFiles/5110-LCD-RP2040.dir/Users/petrvanek/Documents/pico-sdk/src/rp2_common/hardware_gpio/gpio.c.obj
                0x0000000010000b2c                gpio_init
 *fill*         0x0000000010000b42        0x2 
 .text.hw_claim_lock
                0x0000000010000b44       0x18 CMakeFiles/5110-LCD-RP2040.dir/Users/petrvanek/Documents/pico-sdk/src/rp2_common/hardware_claim/claim.c.obj
                0x0000000010000b44                hw_claim_lock
 .text.hw_claim_unlock
                0x0000000010000b5c       0x14 CMakeFiles/5110-LCD-RP2040.dir/Users/petrvanek/Documents/pico-sdk/src/rp2_common/hardware_claim/claim.c.obj
                0x0000000010000b5c                hw_claim_unlock
 .text.hw_claim_or_assert
                0x0000000010000b70       0x32 CMakeFiles/5110-LCD-RP2040.dir/Users/petrvanek/Documents/pico-sdk/src/rp2_common/hardware_claim/claim.c.obj
                0x0000000010000b70                hw_claim_or_assert
 *fill*         0x0000000010000ba2        0x2 
 .text.running_on_fpga
                0x0000000010000ba4       0x14 CMakeFiles/5110-LCD-RP2040.dir/Users/petrvanek/Documents/pico-sdk/src/rp2_common/pico_platform/platform.c.obj
                0x0000000010000ba4                running_on_fpga
 .text.spin_locks_reset
                0x0000000010000bb8       0x20 CMakeFiles/5110-LCD-RP2040.dir/Users/petrvanek/Documents/pico-sdk/src/rp2_common/hardware_sync/sync.c.obj
                0x0000000010000bb8                spin_locks_reset
 .text.next_striped_spin_lock_num
                0x0000000010000bd8       0x1c CMakeFiles/5110-LCD-RP2040.dir/Users/petrvanek/Documents/pico-sdk/src/rp2_common/hardware_sync/sync.c.obj
                0x0000000010000bd8                next_striped_spin_lock_num
 .text.set_raw_irq_handler_and_unlock
                0x0000000010000bf4       0x28 CMakeFiles/5110-LCD-RP2040.dir/Users/petrvanek/Documents/pico-sdk/src/rp2_common/hardware_irq/irq.c.obj
 .text.make_branch
                0x0000000010000c1c       0x48 CMakeFiles/5110-LCD-RP2040.dir/Users/petrvanek/Documents/pico-sdk/src/rp2_common/hardware_irq/irq.c.obj
 .text.insert_branch_and_link
                0x0000000010000c64       0x40 CMakeFiles/5110-LCD-RP2040.dir/Users/petrvanek/Documents/pico-sdk/src/rp2_common/hardware_irq/irq.c.obj
 .text.irq_is_enabled
                0x0000000010000ca4       0x18 CMakeFiles/5110-LCD-RP2040.dir/Users/petrvanek/Documents/pico-sdk/src/rp2_common/hardware_irq/irq.c.obj
                0x0000000010000ca4                irq_is_enabled
 .text.irq_set_mask_enabled
                0x0000000010000cbc       0x20 CMakeFiles/5110-LCD-RP2040.dir/Users/petrvanek/Documents/pico-sdk/src/rp2_common/hardware_irq/irq.c.obj
                0x0000000010000cbc                irq_set_mask_enabled
 .text.irq_set_enabled
                0x0000000010000cdc        0xe CMakeFiles/5110-LCD-RP2040.dir/Users/petrvanek/Documents/pico-sdk/src/rp2_common/hardware_irq/irq.c.obj
                0x0000000010000cdc                irq_set_enabled
 *fill*         0x0000000010000cea        0x2 
 .text.irq_get_vtable_handler
                0x0000000010000cec       0x10 CMakeFiles/5110-LCD-RP2040.dir/Users/petrvanek/Documents/pico-sdk/src/rp2_common/hardware_irq/irq.c.obj
                0x0000000010000cec                irq_get_vtable_handler
 .text.irq_set_exclusive_handler
                0x0000000010000cfc       0x54 CMakeFiles/5110-LCD-RP2040.dir/Users/petrvanek/Documents/pico-sdk/src/rp2_common/hardware_irq/irq.c.obj
                0x0000000010000cfc                irq_set_exclusive_handler
 .text.irq_remove_handler
                0x0000000010000d50      0x1a8 CMakeFiles/5110-LCD-RP2040.dir/Users/petrvanek/Documents/pico-sdk/src/rp2_common/hardware_irq/irq.c.obj
                0x0000000010000d50                irq_remove_handler
 .text.irq_add_tail_to_free_list
                0x0000000010000ef8       0xf0 CMakeFiles/5110-LCD-RP2040.dir/Users/petrvanek/Documents/pico-sdk/src/rp2_common/hardware_irq/irq.c.obj
                0x0000000010000ef8                irq_add_tail_to_free_list
 .text.irq_init_priorities
                0x0000000010000fe8       0x1c CMakeFiles/5110-LCD-RP2040.dir/Users/petrvanek/Documents/pico-sdk/src/rp2_common/hardware_irq/irq.c.obj
                0x0000000010000fe8                irq_init_priorities
 .text.lock_init
                0x0000000010001004       0x10 CMakeFiles/5110-LCD-RP2040.dir/Users/petrvanek/Documents/pico-sdk/src/common/pico_sync/lock_core.c.obj
                0x0000000010001004                lock_init
 .text.alarm_pool_post_alloc_init
                0x0000000010001014       0x40 CMakeFiles/5110-LCD-RP2040.dir/Users/petrvanek/Documents/pico-sdk/src/common/pico_time/time.c.obj
 .text.sleep_until_callback
                0x0000000010001054       0x30 CMakeFiles/5110-LCD-RP2040.dir/Users/petrvanek/Documents/pico-sdk/src/common/pico_time/time.c.obj
 .text.timer_pool_entry_comparator
                0x0000000010001084       0x7c CMakeFiles/5110-LCD-RP2040.dir/Users/petrvanek/Documents/pico-sdk/src/common/pico_time/time.c.obj
                0x0000000010001084                timer_pool_entry_comparator
 .text.ph_add_child_node
                0x0000000010001100       0xa4 CMakeFiles/5110-LCD-RP2040.dir/Users/petrvanek/Documents/pico-sdk/src/common/pico_time/time.c.obj
 .text.ph_merge_nodes
                0x00000000100011a4       0x3e CMakeFiles/5110-LCD-RP2040.dir/Users/petrvanek/Documents/pico-sdk/src/common/pico_time/time.c.obj
 *fill*         0x00000000100011e2        0x2 
 .text.add_alarm_under_lock
                0x00000000100011e4      0x174 CMakeFiles/5110-LCD-RP2040.dir/Users/petrvanek/Documents/pico-sdk/src/common/pico_time/time.c.obj
 .text.alarm_pool_alarm_callback
                0x0000000010001358      0x328 CMakeFiles/5110-LCD-RP2040.dir/Users/petrvanek/Documents/pico-sdk/src/common/pico_time/time.c.obj
 .text.alarm_pool_init_default
                0x0000000010001680       0x38 CMakeFiles/5110-LCD-RP2040.dir/Users/petrvanek/Documents/pico-sdk/src/common/pico_time/time.c.obj
                0x0000000010001680                alarm_pool_init_default
 .text.alarm_pool_get_default
                0x00000000100016b8       0x2c CMakeFiles/5110-LCD-RP2040.dir/Users/petrvanek/Documents/pico-sdk/src/common/pico_time/time.c.obj
                0x00000000100016b8                alarm_pool_get_default
 .text.alarm_pool_add_alarm_at
                0x00000000100016e4      0x170 CMakeFiles/5110-LCD-RP2040.dir/Users/petrvanek/Documents/pico-sdk/src/common/pico_time/time.c.obj
                0x00000000100016e4                alarm_pool_add_alarm_at
 .text.sleep_until
                0x0000000010001854       0xfc CMakeFiles/5110-LCD-RP2040.dir/Users/petrvanek/Documents/pico-sdk/src/common/pico_time/time.c.obj
                0x0000000010001854                sleep_until
 .text.sleep_us
                0x0000000010001950       0x58 CMakeFiles/5110-LCD-RP2040.dir/Users/petrvanek/Documents/pico-sdk/src/common/pico_time/time.c.obj
                0x0000000010001950                sleep_us
 .text.sleep_ms
                0x00000000100019a8       0x14 CMakeFiles/5110-LCD-RP2040.dir/Users/petrvanek/Documents/pico-sdk/src/common/pico_time/time.c.obj
                0x00000000100019a8                sleep_ms
 .text.hardware_alarm_irq_handler
                0x00000000100019bc       0x8c CMakeFiles/5110-LCD-RP2040.dir/Users/petrvanek/Documents/pico-sdk/src/rp2_common/hardware_timer/timer.c.obj
 .text.hardware_alarm_claim
                0x0000000010001a48       0x18 CMakeFiles/5110-LCD-RP2040.dir/Users/petrvanek/Documents/pico-sdk/src/rp2_common/hardware_timer/timer.c.obj
                0x0000000010001a48                hardware_alarm_claim
 .text.time_us_64
                0x0000000010001a60       0x18 CMakeFiles/5110-LCD-RP2040.dir/Users/petrvanek/Documents/pico-sdk/src/rp2_common/hardware_timer/timer.c.obj
                0x0000000010001a60                time_us_64
 .text.busy_wait_until
                0x0000000010001a78       0x28 CMakeFiles/5110-LCD-RP2040.dir/Users/petrvanek/Documents/pico-sdk/src/rp2_common/hardware_timer/timer.c.obj
                0x0000000010001a78                busy_wait_until
 .text.hardware_alarm_set_callback
                0x0000000010001aa0       0x90 CMakeFiles/5110-LCD-RP2040.dir/Users/petrvanek/Documents/pico-sdk/src/rp2_common/hardware_timer/timer.c.obj
                0x0000000010001aa0                hardware_alarm_set_callback
 .text.hardware_alarm_set_target
                0x0000000010001b30       0xe8 CMakeFiles/5110-LCD-RP2040.dir/Users/petrvanek/Documents/pico-sdk/src/rp2_common/hardware_timer/timer.c.obj
                0x0000000010001b30                hardware_alarm_set_target
 .text.hardware_alarm_cancel
                0x0000000010001c18       0x40 CMakeFiles/5110-LCD-RP2040.dir/Users/petrvanek/Documents/pico-sdk/src/rp2_common/hardware_timer/timer.c.obj
                0x0000000010001c18                hardware_alarm_cancel
 .text.ph_add_child_node
                0x0000000010001c58       0xa4 CMakeFiles/5110-LCD-RP2040.dir/Users/petrvanek/Documents/pico-sdk/src/common/pico_util/pheap.c.obj
 .text.ph_merge_nodes
                0x0000000010001cfc       0x3e CMakeFiles/5110-LCD-RP2040.dir/Users/petrvanek/Documents/pico-sdk/src/common/pico_util/pheap.c.obj
 *fill*         0x0000000010001d3a        0x2 
 .text.ph_clear
                0x0000000010001d3c       0x70 CMakeFiles/5110-LCD-RP2040.dir/Users/petrvanek/Documents/pico-sdk/src/common/pico_util/pheap.c.obj
                0x0000000010001d3c                ph_clear
 .text.ph_post_alloc_init
                0x0000000010001dac        0xe CMakeFiles/5110-LCD-RP2040.dir/Users/petrvanek/Documents/pico-sdk/src/common/pico_util/pheap.c.obj
                0x0000000010001dac                ph_post_alloc_init
 *fill*         0x0000000010001dba        0x2 
 .text.ph_merge_two_pass
                0x0000000010001dbc       0xa8 CMakeFiles/5110-LCD-RP2040.dir/Users/petrvanek/Documents/pico-sdk/src/common/pico_util/pheap.c.obj
                0x0000000010001dbc                ph_merge_two_pass
 .text.ph_remove_any_head
                0x0000000010001e64      0x108 CMakeFiles/5110-LCD-RP2040.dir/Users/petrvanek/Documents/pico-sdk/src/common/pico_util/pheap.c.obj
 .text.ph_remove_head
                0x0000000010001f6c       0x14 CMakeFiles/5110-LCD-RP2040.dir/Users/petrvanek/Documents/pico-sdk/src/common/pico_util/pheap.c.obj
                0x0000000010001f6c                ph_remove_head
 .text.ph_remove_and_free_node
                0x0000000010001f80       0xf8 CMakeFiles/5110-LCD-RP2040.dir/Users/petrvanek/Documents/pico-sdk/src/common/pico_util/pheap.c.obj
                0x0000000010001f80                ph_remove_and_free_node
 .text.mutex_init
                0x0000000010002078       0x1a CMakeFiles/5110-LCD-RP2040.dir/Users/petrvanek/Documents/pico-sdk/src/common/pico_sync/mutex.c.obj
                0x0000000010002078                mutex_init
 .text.recursive_mutex_init
                0x0000000010002092       0x1e CMakeFiles/5110-LCD-RP2040.dir/Users/petrvanek/Documents/pico-sdk/src/common/pico_sync/mutex.c.obj
                0x0000000010002092                recursive_mutex_init
 .text.uart_set_baudrate
                0x00000000100020b0       0x5c CMakeFiles/5110-LCD-RP2040.dir/Users/petrvanek/Documents/pico-sdk/src/rp2_common/hardware_uart/uart.c.obj
                0x00000000100020b0                uart_set_baudrate
 .text.uart_set_translate_crlf
                0x000000001000210c       0x28 CMakeFiles/5110-LCD-RP2040.dir/Users/petrvanek/Documents/pico-sdk/src/rp2_common/hardware_uart/uart.c.obj
                0x000000001000210c                uart_set_translate_crlf
 .text.uart_init
                0x0000000010002134       0x80 CMakeFiles/5110-LCD-RP2040.dir/Users/petrvanek/Documents/pico-sdk/src/rp2_common/hardware_uart/uart.c.obj
                0x0000000010002134                uart_init
 .text._exit    0x00000000100021b4        0x4 CMakeFiles/5110-LCD-RP2040.dir/Users/petrvanek/Documents/pico-sdk/src/rp2_common/pico_runtime/runtime.c.obj
                0x00000000100021b4                _exit
 .text.exit     0x00000000100021b8        0x6 CMakeFiles/5110-LCD-RP2040.dir/Users/petrvanek/Documents/pico-sdk/src/rp2_common/pico_runtime/runtime.c.obj
                0x00000000100021b8                exit
 *fill*         0x00000000100021be        0x2 
 .text.__assert_func
                0x00000000100021c0       0x3c CMakeFiles/5110-LCD-RP2040.dir/Users/petrvanek/Documents/pico-sdk/src/rp2_common/pico_runtime/runtime.c.obj
                0x00000000100021c0                __assert_func
 .text.runtime_init
                0x00000000100021fc       0xf8 CMakeFiles/5110-LCD-RP2040.dir/Users/petrvanek/Documents/pico-sdk/src/rp2_common/pico_runtime/runtime.c.obj
                0x00000000100021fc                runtime_init
 .text.panic    0x00000000100022f4       0x30 CMakeFiles/5110-LCD-RP2040.dir/Users/petrvanek/Documents/pico-sdk/src/rp2_common/pico_runtime/runtime.c.obj
                0x00000000100022f4                panic
 .text.clock_configure
                0x0000000010002324      0x104 CMakeFiles/5110-LCD-RP2040.dir/Users/petrvanek/Documents/pico-sdk/src/rp2_common/hardware_clocks/clocks.c.obj
                0x0000000010002324                clock_configure
 .text.clocks_init
                0x0000000010002428      0x100 CMakeFiles/5110-LCD-RP2040.dir/Users/petrvanek/Documents/pico-sdk/src/rp2_common/hardware_clocks/clocks.c.obj
                0x0000000010002428                clocks_init
 .text.clock_get_hz
                0x0000000010002528        0xc CMakeFiles/5110-LCD-RP2040.dir/Users/petrvanek/Documents/pico-sdk/src/rp2_common/hardware_clocks/clocks.c.obj
                0x0000000010002528                clock_get_hz
 .text.pll_init
                0x0000000010002534      0x140 CMakeFiles/5110-LCD-RP2040.dir/Users/petrvanek/Documents/pico-sdk/src/rp2_common/hardware_pll/pll.c.obj
                0x0000000010002534                pll_init
 .text.watchdog_start_tick
                0x0000000010002674       0x10 CMakeFiles/5110-LCD-RP2040.dir/Users/petrvanek/Documents/pico-sdk/src/rp2_common/hardware_watchdog/watchdog.c.obj
                0x0000000010002674                watchdog_start_tick
 .text.xosc_init
                0x0000000010002684       0x28 CMakeFiles/5110-LCD-RP2040.dir/Users/petrvanek/Documents/pico-sdk/src/rp2_common/hardware_xosc/xosc.c.obj
                0x0000000010002684                xosc_init
 .text._out_buffer
                0x00000000100026ac        0x8 CMakeFiles/5110-LCD-RP2040.dir/Users/petrvanek/Documents/pico-sdk/src/rp2_common/pico_printf/printf.c.obj
 .text._out_null
                0x00000000100026b4        0x2 CMakeFiles/5110-LCD-RP2040.dir/Users/petrvanek/Documents/pico-sdk/src/rp2_common/pico_printf/printf.c.obj
 .text._out_fct
                0x00000000100026b6        0xe CMakeFiles/5110-LCD-RP2040.dir/Users/petrvanek/Documents/pico-sdk/src/rp2_common/pico_printf/printf.c.obj
 .text._atoi    0x00000000100026c4       0x24 CMakeFiles/5110-LCD-RP2040.dir/Users/petrvanek/Documents/pico-sdk/src/rp2_common/pico_printf/printf.c.obj
 .text._out_rev
                0x00000000100026e8       0xae CMakeFiles/5110-LCD-RP2040.dir/Users/petrvanek/Documents/pico-sdk/src/rp2_common/pico_printf/printf.c.obj
 .text._ntoa_format
                0x0000000010002796      0x112 CMakeFiles/5110-LCD-RP2040.dir/Users/petrvanek/Documents/pico-sdk/src/rp2_common/pico_printf/printf.c.obj
 .text._ntoa_long
                0x00000000100028a8       0xbc CMakeFiles/5110-LCD-RP2040.dir/Users/petrvanek/Documents/pico-sdk/src/rp2_common/pico_printf/printf.c.obj
 .text._ntoa_long_long
                0x0000000010002964       0xe2 CMakeFiles/5110-LCD-RP2040.dir/Users/petrvanek/Documents/pico-sdk/src/rp2_common/pico_printf/printf.c.obj
 *fill*         0x0000000010002a46        0x2 
 .text._etoa    0x0000000010002a48      0x414 CMakeFiles/5110-LCD-RP2040.dir/Users/petrvanek/Documents/pico-sdk/src/rp2_common/pico_printf/printf.c.obj
 .text._ftoa    0x0000000010002e5c      0x354 CMakeFiles/5110-LCD-RP2040.dir/Users/petrvanek/Documents/pico-sdk/src/rp2_common/pico_printf/printf.c.obj
 .text._vsnprintf
                0x00000000100031b0      0x624 CMakeFiles/5110-LCD-RP2040.dir/Users/petrvanek/Documents/pico-sdk/src/rp2_common/pico_printf/printf.c.obj
 .text.__wrap_sprintf
                0x00000000100037d4       0x28 CMakeFiles/5110-LCD-RP2040.dir/Users/petrvanek/Documents/pico-sdk/src/rp2_common/pico_printf/printf.c.obj
                0x00000000100037d4                __wrap_sprintf
 .text.vfctprintf
                0x00000000100037fc       0x20 CMakeFiles/5110-LCD-RP2040.dir/Users/petrvanek/Documents/pico-sdk/src/rp2_common/pico_printf/printf.c.obj
                0x00000000100037fc                vfctprintf
 .text          0x000000001000381c       0x10 CMakeFiles/5110-LCD-RP2040.dir/Users/petrvanek/Documents/pico-sdk/src/rp2_common/pico_bit_ops/bit_ops_aeabi.S.obj
 .text.rom_func_lookup
                0x000000001000382c       0x10 CMakeFiles/5110-LCD-RP2040.dir/Users/petrvanek/Documents/pico-sdk/src/rp2_common/pico_bootrom/bootrom.c.obj
                0x000000001000382c                rom_func_lookup
 .text.rom_data_lookup
                0x000000001000383c       0x10 CMakeFiles/5110-LCD-RP2040.dir/Users/petrvanek/Documents/pico-sdk/src/rp2_common/pico_bootrom/bootrom.c.obj
                0x000000001000383c                rom_data_lookup
 .text.rom_funcs_lookup
                0x000000001000384c       0x36 CMakeFiles/5110-LCD-RP2040.dir/Users/petrvanek/Documents/pico-sdk/src/rp2_common/pico_bootrom/bootrom.c.obj
                0x000000001000384c                rom_funcs_lookup
 *fill*         0x0000000010003882        0x2 
 .text.__wrap___aeabi_idiv
                0x0000000010003884       0x50 CMakeFiles/5110-LCD-RP2040.dir/Users/petrvanek/Documents/pico-sdk/src/rp2_common/pico_divider/divider.S.obj
                0x0000000010003884                __wrap___aeabi_idivmod
                0x0000000010003884                divmod_s32s32
                0x0000000010003884                div_s32s32
                0x0000000010003884                __wrap___aeabi_idiv
                0x000000001000388c                divmod_s32s32_unsafe
                0x00000000100038b8                divmod_s32s32_savestate
 .text.__wrap___aeabi_uidiv
                0x00000000100038d4       0x4c CMakeFiles/5110-LCD-RP2040.dir/Users/petrvanek/Documents/pico-sdk/src/rp2_common/pico_divider/divider.S.obj
                0x00000000100038d4                __wrap___aeabi_uidiv
                0x00000000100038d4                __wrap___aeabi_uidivmod
                0x00000000100038d4                div_u32u32
                0x00000000100038d4                divmod_u32u32
                0x00000000100038dc                divmod_u32u32_unsafe
                0x0000000010003904                divmod_u32u32_savestate
 .text.__wrap___aeabi_ldiv
                0x0000000010003920      0x434 CMakeFiles/5110-LCD-RP2040.dir/Users/petrvanek/Documents/pico-sdk/src/rp2_common/pico_divider/divider.S.obj
                0x0000000010003920                __wrap___aeabi_ldivmod
                0x0000000010003920                div_s64s64
                0x0000000010003920                divmod_s64s64
                0x0000000010003958                divmod_u64u64
                0x0000000010003958                div_u64u64
                0x0000000010003958                __wrap___aeabi_uldivmod
                0x0000000010003968                divmod_u64u64_savestate
                0x0000000010003990                divmod_s64s64_unsafe
                0x0000000010003a18                divmod_u64u64_unsafe
 .text.__wrap___aeabi_darithmetic
                0x0000000010003d54       0x80 CMakeFiles/5110-LCD-RP2040.dir/Users/petrvanek/Documents/pico-sdk/src/rp2_common/pico_double/double_aeabi.S.obj
                0x0000000010003d54                __wrap___aeabi_drsub
                0x0000000010003d5a                __wrap___aeabi_dsub
                0x0000000010003d6c                __wrap___aeabi_dadd
                0x0000000010003d7e                __wrap___aeabi_ddiv
                0x0000000010003dba                __wrap___aeabi_dmul
 .text.__wrap___aeabi_cdcmple
                0x0000000010003dd4       0x6c CMakeFiles/5110-LCD-RP2040.dir/Users/petrvanek/Documents/pico-sdk/src/rp2_common/pico_double/double_aeabi.S.obj
                0x0000000010003dd4                __wrap___aeabi_cdrcmple
                0x0000000010003de4                __wrap___aeabi_cdcmple
                0x0000000010003de4                __wrap___aeabi_cdcmpeq
 .text.__wrap___aeabi_dcmplt
                0x0000000010003e40        0xc CMakeFiles/5110-LCD-RP2040.dir/Users/petrvanek/Documents/pico-sdk/src/rp2_common/pico_double/double_aeabi.S.obj
                0x0000000010003e40                __wrap___aeabi_dcmplt
 .text.__wrap___aeabi_dcmple
                0x0000000010003e4c       0x10 CMakeFiles/5110-LCD-RP2040.dir/Users/petrvanek/Documents/pico-sdk/src/rp2_common/pico_double/double_aeabi.S.obj
                0x0000000010003e4c                __wrap___aeabi_dcmple
 .text.__wrap___aeabi_dcmpge
                0x0000000010003e5c       0x10 CMakeFiles/5110-LCD-RP2040.dir/Users/petrvanek/Documents/pico-sdk/src/rp2_common/pico_double/double_aeabi.S.obj
                0x0000000010003e5c                __wrap___aeabi_dcmpge
 .text.__wrap___aeabi_dcmpgt
                0x0000000010003e6c        0xa CMakeFiles/5110-LCD-RP2040.dir/Users/petrvanek/Documents/pico-sdk/src/rp2_common/pico_double/double_aeabi.S.obj
                0x0000000010003e6c                __wrap___aeabi_dcmpgt
 .text.__wrap___aeabi_dcmpun
                0x0000000010003e76       0x1c CMakeFiles/5110-LCD-RP2040.dir/Users/petrvanek/Documents/pico-sdk/src/rp2_common/pico_double/double_aeabi.S.obj
                0x0000000010003e76                __wrap___aeabi_dcmpun
 *fill*         0x0000000010003e92        0x2 
 .text.__wrap___aeabi_i2d
                0x0000000010003e94       0x38 CMakeFiles/5110-LCD-RP2040.dir/Users/petrvanek/Documents/pico-sdk/src/rp2_common/pico_double/double_aeabi.S.obj
                0x0000000010003e94                __wrap___aeabi_ui2d
                0x0000000010003e9c                __wrap___aeabi_i2d
 .text.__wrap___aeabi_d2iz
                0x0000000010003ecc       0x48 CMakeFiles/5110-LCD-RP2040.dir/Users/petrvanek/Documents/pico-sdk/src/rp2_common/pico_double/double_aeabi.S.obj
                0x0000000010003ecc                __wrap___aeabi_d2iz
                0x0000000010003ecc                double2int_z
 .text.__wrap___aeabi_d2uiz
                0x0000000010003f14       0x18 CMakeFiles/5110-LCD-RP2040.dir/Users/petrvanek/Documents/pico-sdk/src/rp2_common/pico_double/double_aeabi.S.obj
                0x0000000010003f14                double2uint
                0x0000000010003f14                __wrap___aeabi_d2uiz
 .text.__aeabi_double_init
                0x0000000010003f2c       0xc8 CMakeFiles/5110-LCD-RP2040.dir/Users/petrvanek/Documents/pico-sdk/src/rp2_common/pico_double/double_init_rom.c.obj
                0x0000000010003f2c                __aeabi_double_init
 .text.double_table_shim_on_use_helper
                0x0000000010003ff4       0x34 CMakeFiles/5110-LCD-RP2040.dir/Users/petrvanek/Documents/pico-sdk/src/rp2_common/pico_double/double_v1_rom_shim.S.obj
                0x0000000010003ff4                double_table_shim_on_use_helper
 .text.__wrap___aeabi_dsub
                0x0000000010004028       0x10 CMakeFiles/5110-LCD-RP2040.dir/Users/petrvanek/Documents/pico-sdk/src/rp2_common/pico_double/double_v1_rom_shim.S.obj
                0x0000000010004028                drsub_shim
                0x000000001000402e                dsub_shim
 .text.dadd_shim
                0x0000000010004038      0x15c CMakeFiles/5110-LCD-RP2040.dir/Users/petrvanek/Documents/pico-sdk/src/rp2_common/pico_double/double_v1_rom_shim.S.obj
                0x0000000010004038                dadd_shim
 .text.dmul_shim
                0x0000000010004194      0x15c CMakeFiles/5110-LCD-RP2040.dir/Users/petrvanek/Documents/pico-sdk/src/rp2_common/pico_double/double_v1_rom_shim.S.obj
                0x0000000010004194                dmul_shim
 .text.ddiv_shim
                0x00000000100042f0      0x1b0 CMakeFiles/5110-LCD-RP2040.dir/Users/petrvanek/Documents/pico-sdk/src/rp2_common/pico_double/double_v1_rom_shim.S.obj
                0x00000000100042f0                ddiv_shim
 .text.double2uint_shim
                0x00000000100044a0        0xe CMakeFiles/5110-LCD-RP2040.dir/Users/petrvanek/Documents/pico-sdk/src/rp2_common/pico_double/double_v1_rom_shim.S.obj
                0x00000000100044a0                double2uint_shim
                0x00000000100044a2                double2ufix_shim
 *fill*         0x00000000100044ae        0x2 
 .text.double2uint64_shim
                0x00000000100044b0       0x70 CMakeFiles/5110-LCD-RP2040.dir/Users/petrvanek/Documents/pico-sdk/src/rp2_common/pico_double/double_v1_rom_shim.S.obj
                0x00000000100044b0                double2uint64_shim
                0x00000000100044b2                double2ufix64_shim
                0x00000000100044d2                d2fix_a
 .text.dunpacks
                0x0000000010004520       0x3c CMakeFiles/5110-LCD-RP2040.dir/Users/petrvanek/Documents/pico-sdk/src/rp2_common/pico_double/double_v1_rom_shim.S.obj
                0x0000000010004520                dunpacks
 .text.__aeabi_lmul
                0x000000001000455c       0x32 CMakeFiles/5110-LCD-RP2040.dir/Users/petrvanek/Documents/pico-sdk/src/rp2_common/pico_int64_ops/pico_int64_ops_aeabi.S.obj
                0x000000001000455c                __wrap___aeabi_lmul
 *fill*         0x000000001000458e        0x2 
 .text.__wrap___aeabi_farithmetic
                0x0000000010004590       0x58 CMakeFiles/5110-LCD-RP2040.dir/Users/petrvanek/Documents/pico-sdk/src/rp2_common/pico_float/float_aeabi.S.obj
                0x0000000010004590                __wrap___aeabi_frsub
                0x0000000010004596                __wrap___aeabi_fsub
                0x00000000100045a0                __wrap___aeabi_fadd
                0x00000000100045aa                __wrap___aeabi_fdiv
                0x00000000100045d6                __wrap___aeabi_fmul
 .text.__wrap___aeabi_ui2f
                0x00000000100045e8        0xa CMakeFiles/5110-LCD-RP2040.dir/Users/petrvanek/Documents/pico-sdk/src/rp2_common/pico_float/float_aeabi.S.obj
                0x00000000100045e8                __wrap___aeabi_ui2f
 *fill*         0x00000000100045f2        0x2 
 .text.__wrap___aeabi_i2f
                0x00000000100045f4       0x44 CMakeFiles/5110-LCD-RP2040.dir/Users/petrvanek/Documents/pico-sdk/src/rp2_common/pico_float/float_aeabi.S.obj
                0x00000000100045f4                __wrap___aeabi_i2f
 .text.__wrap___aeabi_f2uiz
                0x0000000010004638       0x10 CMakeFiles/5110-LCD-RP2040.dir/Users/petrvanek/Documents/pico-sdk/src/rp2_common/pico_float/float_aeabi.S.obj
                0x0000000010004638                __wrap___aeabi_f2uiz
 .text.__aeabi_float_init
                0x0000000010004648       0xfc CMakeFiles/5110-LCD-RP2040.dir/Users/petrvanek/Documents/pico-sdk/src/rp2_common/pico_float/float_init_rom.c.obj
                0x0000000010004648                __aeabi_float_init
 .text.__wrap_ceilf
                0x0000000010004744       0x44 CMakeFiles/5110-LCD-RP2040.dir/Users/petrvanek/Documents/pico-sdk/src/rp2_common/pico_float/float_math.c.obj
                0x0000000010004744                __wrap_ceilf
 .text.float_table_shim_on_use_helper
                0x0000000010004788       0x34 CMakeFiles/5110-LCD-RP2040.dir/Users/petrvanek/Documents/pico-sdk/src/rp2_common/pico_float/float_v1_rom_shim.S.obj
                0x0000000010004788                float_table_shim_on_use_helper
 .text          0x00000000100047bc       0x10 CMakeFiles/5110-LCD-RP2040.dir/Users/petrvanek/Documents/pico-sdk/src/rp2_common/pico_mem_ops/mem_ops_aeabi.S.obj
                0x00000000100047bc                __aeabi_mem_init
 .text.memset   0x00000000100047cc        0xc CMakeFiles/5110-LCD-RP2040.dir/Users/petrvanek/Documents/pico-sdk/src/rp2_common/pico_mem_ops/mem_ops_aeabi.S.obj
                0x00000000100047cc                __wrap_memset
 .text.memcpy   0x00000000100047d8        0xc CMakeFiles/5110-LCD-RP2040.dir/Users/petrvanek/Documents/pico-sdk/src/rp2_common/pico_mem_ops/mem_ops_aeabi.S.obj
                0x00000000100047d8                __wrap___aeabi_memcpy
                0x00000000100047d8                __wrap_memcpy
 .text.stdio_out_chars_no_crlf
                0x00000000100047e4        0xe CMakeFiles/5110-LCD-RP2040.dir/Users/petrvanek/Documents/pico-sdk/src/rp2_common/pico_stdio/stdio.c.obj
 *fill*         0x00000000100047f2        0x2 
 .text.stdio_out_chars_crlf
                0x00000000100047f4       0x80 CMakeFiles/5110-LCD-RP2040.dir/Users/petrvanek/Documents/pico-sdk/src/rp2_common/pico_stdio/stdio.c.obj
 .text.stdio_stack_buffer_flush
                0x0000000010004874       0x44 CMakeFiles/5110-LCD-RP2040.dir/Users/petrvanek/Documents/pico-sdk/src/rp2_common/pico_stdio/stdio.c.obj
 .text.stdio_buffered_printer
                0x00000000100048b8       0x20 CMakeFiles/5110-LCD-RP2040.dir/Users/petrvanek/Documents/pico-sdk/src/rp2_common/pico_stdio/stdio.c.obj
 .text.stdout_serialize_begin
                0x00000000100048d8       0x30 CMakeFiles/5110-LCD-RP2040.dir/Users/petrvanek/Documents/pico-sdk/src/rp2_common/pico_stdio/stdio.c.obj
                0x00000000100048d8                stdout_serialize_begin
 .text.stdout_serialize_end
                0x0000000010004908       0x10 CMakeFiles/5110-LCD-RP2040.dir/Users/petrvanek/Documents/pico-sdk/src/rp2_common/pico_stdio/stdio.c.obj
                0x0000000010004908                stdout_serialize_end
 .text.stdio_put_string
                0x0000000010004918       0x98 CMakeFiles/5110-LCD-RP2040.dir/Users/petrvanek/Documents/pico-sdk/src/rp2_common/pico_stdio/stdio.c.obj
 .text.stdio_set_driver_enabled
                0x00000000100049b0       0x2c CMakeFiles/5110-LCD-RP2040.dir/Users/petrvanek/Documents/pico-sdk/src/rp2_common/pico_stdio/stdio.c.obj
                0x00000000100049b0                stdio_set_driver_enabled
 .text.stdio_flush
                0x00000000100049dc       0x20 CMakeFiles/5110-LCD-RP2040.dir/Users/petrvanek/Documents/pico-sdk/src/rp2_common/pico_stdio/stdio.c.obj
                0x00000000100049dc                stdio_flush
 .text.__wrap_puts
                0x00000000100049fc       0x1e CMakeFiles/5110-LCD-RP2040.dir/Users/petrvanek/Documents/pico-sdk/src/rp2_common/pico_stdio/stdio.c.obj
                0x00000000100049fc                __wrap_puts
 *fill*         0x0000000010004a1a        0x2 
 .text.__wrap_vprintf
                0x0000000010004a1c       0x44 CMakeFiles/5110-LCD-RP2040.dir/Users/petrvanek/Documents/pico-sdk/src/rp2_common/pico_stdio/stdio.c.obj
                0x0000000010004a1c                __wrap_vprintf
 .text.__wrap_printf
                0x0000000010004a60       0x18 CMakeFiles/5110-LCD-RP2040.dir/Users/petrvanek/Documents/pico-sdk/src/rp2_common/pico_stdio/stdio.c.obj
                0x0000000010004a60                __wrap_printf
 .text.stdio_init_all
                0x0000000010004a78        0x8 CMakeFiles/5110-LCD-RP2040.dir/Users/petrvanek/Documents/pico-sdk/src/rp2_common/pico_stdio/stdio.c.obj
                0x0000000010004a78                stdio_init_all
 .text.stdio_uart_out_chars
                0x0000000010004a80       0x74 CMakeFiles/5110-LCD-RP2040.dir/Users/petrvanek/Documents/pico-sdk/src/rp2_common/pico_stdio_uart/stdio_uart.c.obj
 .text.stdio_uart_in_chars
                0x0000000010004af4       0x58 CMakeFiles/5110-LCD-RP2040.dir/Users/petrvanek/Documents/pico-sdk/src/rp2_common/pico_stdio_uart/stdio_uart.c.obj
                0x0000000010004af4                stdio_uart_in_chars
 .text.stdio_uart_init_full
                0x0000000010004b4c       0x3c CMakeFiles/5110-LCD-RP2040.dir/Users/petrvanek/Documents/pico-sdk/src/rp2_common/pico_stdio_uart/stdio_uart.c.obj
                0x0000000010004b4c                stdio_uart_init_full
 .text.stdio_uart_init
                0x0000000010004b88       0x28 CMakeFiles/5110-LCD-RP2040.dir/Users/petrvanek/Documents/pico-sdk/src/rp2_common/pico_stdio_uart/stdio_uart.c.obj
                0x0000000010004b88                stdio_uart_init
 .text.spi_set_baudrate
                0x0000000010004bb0       0x92 CMakeFiles/5110-LCD-RP2040.dir/Users/petrvanek/Documents/pico-sdk/src/rp2_common/hardware_spi/spi.c.obj
                0x0000000010004bb0                spi_set_baudrate
 *fill*         0x0000000010004c42        0x2 
 .text.spi_init
                0x0000000010004c44       0x68 CMakeFiles/5110-LCD-RP2040.dir/Users/petrvanek/Documents/pico-sdk/src/rp2_common/hardware_spi/spi.c.obj
                0x0000000010004c44                spi_init
 .text.strlen   0x0000000010004cac       0x5c /usr/local/Cellar/arm-none-eabi-gcc/10.3-2021.07/gcc/bin/../lib/gcc/arm-none-eabi/10.3.1/../../../../arm-none-eabi/lib/thumb/v6-m/nofp/libg.a(lib_a-strlen-stub.o)
                0x0000000010004cac                strlen
 *(.fini)
 .fini          0x0000000010004d08        0x4 /usr/local/Cellar/arm-none-eabi-gcc/10.3-2021.07/gcc/bin/../lib/gcc/arm-none-eabi/10.3.1/thumb/v6-m/nofp/crti.o
                0x0000000010004d08                _fini
 *fill*         0x0000000010004d0c        0x4 
 .fini.__stub   0x0000000010004d10       0x60 linker stubs
 *crtbegin.o(.ctors)
 *crtbegin?.o(.ctors)
 *(EXCLUDE_FILE(*crtend.o *crtend?.o) .ctors)
 *(SORT_BY_NAME(.ctors.*))
 *(.ctors)
 *crtbegin.o(.dtors)
 *crtbegin?.o(.dtors)
 *(EXCLUDE_FILE(*crtend.o *crtend?.o) .dtors)
 *(SORT_BY_NAME(.dtors.*))
 *(.dtors)
 *(.eh_frame*)
 .eh_frame      0x0000000010004d70        0x0 /usr/local/Cellar/arm-none-eabi-gcc/10.3-2021.07/gcc/bin/../lib/gcc/arm-none-eabi/10.3.1/thumb/v6-m/nofp/crtbegin.o
                0x0000000010004d70                . = ALIGN (0x4)

.glue_7         0x0000000010004d70        0x0
 .glue_7        0x0000000010004d70        0x0 linker stubs

.glue_7t        0x0000000010004d70        0x0
 .glue_7t       0x0000000010004d70        0x0 linker stubs

.vfp11_veneer   0x0000000010004d70        0x0
 .vfp11_veneer  0x0000000010004d70        0x0 linker stubs

.v4_bx          0x0000000010004d70        0x0
 .v4_bx         0x0000000010004d70        0x0 linker stubs

.iplt           0x0000000010004d70        0x0
 .iplt          0x0000000010004d70        0x0 /usr/local/Cellar/arm-none-eabi-gcc/10.3-2021.07/gcc/bin/../lib/gcc/arm-none-eabi/10.3.1/thumb/v6-m/nofp/crtbegin.o

.rodata         0x0000000010004d70     0x1734
 *(EXCLUDE_FILE(*libm.a: *libc.a:*lib_a-mem*.o *libgcc.a:) .rodata*)
 .rodata._ZN7Lcd51105printEl.str1.4
                0x0000000010004d70        0x3 CMakeFiles/5110-LCD-RP2040.dir/lcd5110.cpp.obj
 *fill*         0x0000000010004d73        0x1 
 .rodata.main.str1.4
                0x0000000010004d74       0x39 CMakeFiles/5110-LCD-RP2040.dir/main.cpp.obj
 *fill*         0x0000000010004dad        0x3 
 .rodata._ZN18codeSquaredRegularL3fntE
                0x0000000010004db0       0x9a CMakeFiles/5110-LCD-RP2040.dir/main.cpp.obj
 *fill*         0x0000000010004e4a        0x2 
 .rodata._ZN5topazL3fntE
                0x0000000010004e4c      0x2a0 CMakeFiles/5110-LCD-RP2040.dir/main.cpp.obj
 .rodata._ZN9modesevenL3fntE
                0x00000000100050ec      0x480 CMakeFiles/5110-LCD-RP2040.dir/main.cpp.obj
 .rodata.make_branch.str1.4
                0x000000001000556c       0x76 CMakeFiles/5110-LCD-RP2040.dir/Users/petrvanek/Documents/pico-sdk/src/rp2_common/hardware_irq/irq.c.obj
 *fill*         0x00000000100055e2        0x2 
 .rodata.insert_branch_and_link.str1.4
                0x00000000100055e4       0x10 CMakeFiles/5110-LCD-RP2040.dir/Users/petrvanek/Documents/pico-sdk/src/rp2_common/hardware_irq/irq.c.obj
 .rodata.irq_set_exclusive_handler.str1.4
                0x00000000100055f4       0x36 CMakeFiles/5110-LCD-RP2040.dir/Users/petrvanek/Documents/pico-sdk/src/rp2_common/hardware_irq/irq.c.obj
 *fill*         0x000000001000562a        0x2 
 .rodata.irq_add_shared_handler.str1.4
                0x000000001000562c       0xd9 CMakeFiles/5110-LCD-RP2040.dir/Users/petrvanek/Documents/pico-sdk/src/rp2_common/hardware_irq/irq.c.obj
 *fill*         0x0000000010005705        0x3 
 .rodata.irq_remove_handler.str1.4
                0x0000000010005708       0x2a CMakeFiles/5110-LCD-RP2040.dir/Users/petrvanek/Documents/pico-sdk/src/rp2_common/hardware_irq/irq.c.obj
 *fill*         0x0000000010005732        0x2 
 .rodata.irq_add_tail_to_free_list.str1.4
                0x0000000010005734       0x3a CMakeFiles/5110-LCD-RP2040.dir/Users/petrvanek/Documents/pico-sdk/src/rp2_common/hardware_irq/irq.c.obj
 *fill*         0x000000001000576e        0x2 
 .rodata.__func__.0
                0x0000000010005770       0x1a CMakeFiles/5110-LCD-RP2040.dir/Users/petrvanek/Documents/pico-sdk/src/rp2_common/hardware_irq/irq.c.obj
 *fill*         0x000000001000578a        0x2 
 .rodata.__func__.1
                0x000000001000578c       0x17 CMakeFiles/5110-LCD-RP2040.dir/Users/petrvanek/Documents/pico-sdk/src/rp2_common/hardware_irq/irq.c.obj
 *fill*         0x00000000100057a3        0x1 
 .rodata.__func__.2
                0x00000000100057a4       0x13 CMakeFiles/5110-LCD-RP2040.dir/Users/petrvanek/Documents/pico-sdk/src/rp2_common/hardware_irq/irq.c.obj
 *fill*         0x00000000100057b7        0x1 
 .rodata.__func__.3
                0x00000000100057b8        0xc CMakeFiles/5110-LCD-RP2040.dir/Users/petrvanek/Documents/pico-sdk/src/rp2_common/hardware_irq/irq.c.obj
 .rodata.__func__.4
                0x00000000100057c4        0xf CMakeFiles/5110-LCD-RP2040.dir/Users/petrvanek/Documents/pico-sdk/src/rp2_common/hardware_irq/irq.c.obj
 *fill*         0x00000000100057d3        0x1 
 .rodata.__func__.6
                0x00000000100057d4       0x1a CMakeFiles/5110-LCD-RP2040.dir/Users/petrvanek/Documents/pico-sdk/src/rp2_common/hardware_irq/irq.c.obj
 *fill*         0x00000000100057ee        0x2 
 .rodata.repeating_timer_callback.str1.4
                0x00000000100057f0       0x54 CMakeFiles/5110-LCD-RP2040.dir/Users/petrvanek/Documents/pico-sdk/src/common/pico_time/time.c.obj
 .rodata.alarm_pool_dump_key.str1.4
                0x0000000010005844       0x33 CMakeFiles/5110-LCD-RP2040.dir/Users/petrvanek/Documents/pico-sdk/src/common/pico_time/time.c.obj
 *fill*         0x0000000010005877        0x1 
 .rodata.ph_add_child_node.str1.4
                0x0000000010005878       0x9e CMakeFiles/5110-LCD-RP2040.dir/Users/petrvanek/Documents/pico-sdk/src/common/pico_time/time.c.obj
 *fill*         0x0000000010005916        0x2 
 .rodata.add_alarm_under_lock.str1.4
                0x0000000010005918       0x28 CMakeFiles/5110-LCD-RP2040.dir/Users/petrvanek/Documents/pico-sdk/src/common/pico_time/time.c.obj
                                         0x2b (size before relaxing)
 .rodata.alarm_pool_alarm_callback.str1.4
                0x0000000010005940       0xee CMakeFiles/5110-LCD-RP2040.dir/Users/petrvanek/Documents/pico-sdk/src/common/pico_time/time.c.obj
 *fill*         0x0000000010005a2e        0x2 
 .rodata.alarm_pool_get_default.str1.4
                0x0000000010005a30       0x21 CMakeFiles/5110-LCD-RP2040.dir/Users/petrvanek/Documents/pico-sdk/src/common/pico_time/time.c.obj
 *fill*         0x0000000010005a51        0x3 
 .rodata.sleep_until.str1.4
                0x0000000010005a54       0x4d CMakeFiles/5110-LCD-RP2040.dir/Users/petrvanek/Documents/pico-sdk/src/common/pico_time/time.c.obj
 *fill*         0x0000000010005aa1        0x3 
 .rodata.__func__.10
                0x0000000010005aa4       0x15 CMakeFiles/5110-LCD-RP2040.dir/Users/petrvanek/Documents/pico-sdk/src/common/pico_time/time.c.obj
 *fill*         0x0000000010005ab9        0x3 
 .rodata.__func__.11
                0x0000000010005abc       0x1a CMakeFiles/5110-LCD-RP2040.dir/Users/petrvanek/Documents/pico-sdk/src/common/pico_time/time.c.obj
 *fill*         0x0000000010005ad6        0x2 
 .rodata.__func__.12
                0x0000000010005ad8        0xa CMakeFiles/5110-LCD-RP2040.dir/Users/petrvanek/Documents/pico-sdk/src/common/pico_time/time.c.obj
 *fill*         0x0000000010005ae2        0x2 
 .rodata.__func__.3
                0x0000000010005ae4       0x17 CMakeFiles/5110-LCD-RP2040.dir/Users/petrvanek/Documents/pico-sdk/src/common/pico_time/time.c.obj
 *fill*         0x0000000010005afb        0x1 
 .rodata.__func__.4
                0x0000000010005afc       0x12 CMakeFiles/5110-LCD-RP2040.dir/Users/petrvanek/Documents/pico-sdk/src/common/pico_time/time.c.obj
 *fill*         0x0000000010005b0e        0x2 
 .rodata.__func__.5
                0x0000000010005b10        0xd CMakeFiles/5110-LCD-RP2040.dir/Users/petrvanek/Documents/pico-sdk/src/common/pico_time/time.c.obj
 *fill*         0x0000000010005b1d        0x3 
 .rodata.__func__.6
                0x0000000010005b20       0x12 CMakeFiles/5110-LCD-RP2040.dir/Users/petrvanek/Documents/pico-sdk/src/common/pico_time/time.c.obj
 *fill*         0x0000000010005b32        0x2 
 .rodata.__func__.7
                0x0000000010005b34        0xf CMakeFiles/5110-LCD-RP2040.dir/Users/petrvanek/Documents/pico-sdk/src/common/pico_time/time.c.obj
 *fill*         0x0000000010005b43        0x1 
 .rodata.__func__.8
                0x0000000010005b44        0xc CMakeFiles/5110-LCD-RP2040.dir/Users/petrvanek/Documents/pico-sdk/src/common/pico_time/time.c.obj
 .rodata.__func__.9
                0x0000000010005b50       0x15 CMakeFiles/5110-LCD-RP2040.dir/Users/petrvanek/Documents/pico-sdk/src/common/pico_time/time.c.obj
 *fill*         0x0000000010005b65        0x3 
 .rodata.hardware_alarm_claim.str1.4
                0x0000000010005b68       0x22 CMakeFiles/5110-LCD-RP2040.dir/Users/petrvanek/Documents/pico-sdk/src/rp2_common/hardware_timer/timer.c.obj
 *fill*         0x0000000010005b8a        0x2 
 .rodata.hardware_alarm_set_target.str1.4
                0x0000000010005b8c       0x6e CMakeFiles/5110-LCD-RP2040.dir/Users/petrvanek/Documents/pico-sdk/src/rp2_common/hardware_timer/timer.c.obj
 *fill*         0x0000000010005bfa        0x2 
 .rodata.__func__.0
                0x0000000010005bfc       0x1a CMakeFiles/5110-LCD-RP2040.dir/Users/petrvanek/Documents/pico-sdk/src/rp2_common/hardware_timer/timer.c.obj
 .rodata.ph_add_child_node.str1.4
                0x0000000010005c16       0x9e CMakeFiles/5110-LCD-RP2040.dir/Users/petrvanek/Documents/pico-sdk/src/common/pico_util/pheap.c.obj
 *fill*         0x0000000010005c16        0x2 
 .rodata.ph_remove_any_head.str1.4
                0x0000000010005c18       0x98 CMakeFiles/5110-LCD-RP2040.dir/Users/petrvanek/Documents/pico-sdk/src/common/pico_util/pheap.c.obj
 .rodata.ph_remove_and_free_node.str1.4
                0x0000000010005cb0       0x1e CMakeFiles/5110-LCD-RP2040.dir/Users/petrvanek/Documents/pico-sdk/src/common/pico_util/pheap.c.obj
                                         0x26 (size before relaxing)
 *fill*         0x0000000010005cce        0x2 
 .rodata.__func__.0
                0x0000000010005cd0       0x18 CMakeFiles/5110-LCD-RP2040.dir/Users/petrvanek/Documents/pico-sdk/src/common/pico_util/pheap.c.obj
 .rodata.__func__.1
                0x0000000010005ce8       0x13 CMakeFiles/5110-LCD-RP2040.dir/Users/petrvanek/Documents/pico-sdk/src/common/pico_util/pheap.c.obj
 *fill*         0x0000000010005cfb        0x1 
 .rodata.__func__.2
                0x0000000010005cfc       0x12 CMakeFiles/5110-LCD-RP2040.dir/Users/petrvanek/Documents/pico-sdk/src/common/pico_util/pheap.c.obj
 *fill*         0x0000000010005d0e        0x2 
 .rodata.__func__.3
                0x0000000010005d10        0xc CMakeFiles/5110-LCD-RP2040.dir/Users/petrvanek/Documents/pico-sdk/src/common/pico_util/pheap.c.obj
 .rodata.str1.4
                0x0000000010005d1c       0x95 CMakeFiles/5110-LCD-RP2040.dir/Users/petrvanek/Documents/pico-sdk/src/common/pico_sync/mutex.c.obj
                                        0x101 (size before relaxing)
 *fill*         0x0000000010005db1        0x3 
 .rodata.__func__.1
                0x0000000010005db4        0xb CMakeFiles/5110-LCD-RP2040.dir/Users/petrvanek/Documents/pico-sdk/src/common/pico_sync/mutex.c.obj
 *fill*         0x0000000010005dbf        0x1 
 .rodata.__assert_func.str1.4
                0x0000000010005dc0       0x3f CMakeFiles/5110-LCD-RP2040.dir/Users/petrvanek/Documents/pico-sdk/src/rp2_common/pico_runtime/runtime.c.obj
                                         0x43 (size before relaxing)
 *fill*         0x0000000010005dff        0x1 
 .rodata.runtime_init.str1.4
                0x0000000010005e00       0x6a CMakeFiles/5110-LCD-RP2040.dir/Users/petrvanek/Documents/pico-sdk/src/rp2_common/pico_runtime/runtime.c.obj
 *fill*         0x0000000010005e6a        0x2 
 .rodata.panic.str1.4
                0x0000000010005e6c       0x12 CMakeFiles/5110-LCD-RP2040.dir/Users/petrvanek/Documents/pico-sdk/src/rp2_common/pico_runtime/runtime.c.obj
 *fill*         0x0000000010005e7e        0x2 
 .rodata.__func__.1
                0x0000000010005e80        0xd CMakeFiles/5110-LCD-RP2040.dir/Users/petrvanek/Documents/pico-sdk/src/rp2_common/pico_runtime/runtime.c.obj
 *fill*         0x0000000010005e8d        0x3 
 .rodata.clock_configure.str1.4
                0x0000000010005e90       0x60 CMakeFiles/5110-LCD-RP2040.dir/Users/petrvanek/Documents/pico-sdk/src/rp2_common/hardware_clocks/clocks.c.obj
 .rodata.__func__.1
                0x0000000010005ef0       0x10 CMakeFiles/5110-LCD-RP2040.dir/Users/petrvanek/Documents/pico-sdk/src/rp2_common/hardware_clocks/clocks.c.obj
 .rodata.pll_init.str1.4
                0x0000000010005f00      0x143 CMakeFiles/5110-LCD-RP2040.dir/Users/petrvanek/Documents/pico-sdk/src/rp2_common/hardware_pll/pll.c.obj
 *fill*         0x0000000010006043        0x1 
 .rodata.__func__.0
                0x0000000010006044        0x9 CMakeFiles/5110-LCD-RP2040.dir/Users/petrvanek/Documents/pico-sdk/src/rp2_common/hardware_pll/pll.c.obj
 *fill*         0x000000001000604d        0x3 
 .rodata._ftoa.str1.4
                0x0000000010006050       0x15 CMakeFiles/5110-LCD-RP2040.dir/Users/petrvanek/Documents/pico-sdk/src/rp2_common/pico_printf/printf.c.obj
 *fill*         0x0000000010006065        0x3 
 .rodata._vsnprintf
                0x0000000010006068      0x1e0 CMakeFiles/5110-LCD-RP2040.dir/Users/petrvanek/Documents/pico-sdk/src/rp2_common/pico_printf/printf.c.obj
 .rodata.pow10.0
                0x0000000010006248       0x50 CMakeFiles/5110-LCD-RP2040.dir/Users/petrvanek/Documents/pico-sdk/src/rp2_common/pico_printf/printf.c.obj
 .rodata.__aeabi_double_init.str1.4
                0x0000000010006298       0xb1 CMakeFiles/5110-LCD-RP2040.dir/Users/petrvanek/Documents/pico-sdk/src/rp2_common/pico_double/double_init_rom.c.obj
 *fill*         0x0000000010006349        0x3 
 .rodata.__func__.0
                0x000000001000634c       0x14 CMakeFiles/5110-LCD-RP2040.dir/Users/petrvanek/Documents/pico-sdk/src/rp2_common/pico_double/double_init_rom.c.obj
 .rodata.__aeabi_float_init.str1.4
                0x0000000010006360       0x83 CMakeFiles/5110-LCD-RP2040.dir/Users/petrvanek/Documents/pico-sdk/src/rp2_common/pico_float/float_init_rom.c.obj
                                         0x87 (size before relaxing)
 *fill*         0x00000000100063e3        0x1 
 .rodata.__func__.0
                0x00000000100063e4       0x13 CMakeFiles/5110-LCD-RP2040.dir/Users/petrvanek/Documents/pico-sdk/src/rp2_common/pico_float/float_init_rom.c.obj
 *fill*         0x00000000100063f7        0x1 
 .rodata.str1.4
                0x00000000100063f8       0x44 CMakeFiles/5110-LCD-RP2040.dir/Users/petrvanek/Documents/pico-sdk/src/rp2_common/pico_standard_link/binary_info.c.obj
 .rodata.__bi_44
                0x000000001000643c        0xc CMakeFiles/5110-LCD-RP2040.dir/Users/petrvanek/Documents/pico-sdk/src/rp2_common/pico_standard_link/binary_info.c.obj
 .rodata.__bi_75
                0x0000000010006448        0xc CMakeFiles/5110-LCD-RP2040.dir/Users/petrvanek/Documents/pico-sdk/src/rp2_common/pico_standard_link/binary_info.c.obj
 .rodata.__bi_81
                0x0000000010006454        0xc CMakeFiles/5110-LCD-RP2040.dir/Users/petrvanek/Documents/pico-sdk/src/rp2_common/pico_standard_link/binary_info.c.obj
 .rodata.crlf_str.3
                0x0000000010006460        0x2 CMakeFiles/5110-LCD-RP2040.dir/Users/petrvanek/Documents/pico-sdk/src/rp2_common/pico_stdio/stdio.c.obj
 *fill*         0x0000000010006462        0x2 
 .rodata.str1.4
                0x0000000010006464       0x2c CMakeFiles/5110-LCD-RP2040.dir/Users/petrvanek/Documents/pico-sdk/src/rp2_common/pico_stdio_uart/stdio_uart.c.obj
 .rodata.__bi_28.4
                0x0000000010006490        0xc CMakeFiles/5110-LCD-RP2040.dir/Users/petrvanek/Documents/pico-sdk/src/rp2_common/pico_stdio_uart/stdio_uart.c.obj
 .rodata.__bi_29.5
                0x000000001000649c        0x8 CMakeFiles/5110-LCD-RP2040.dir/Users/petrvanek/Documents/pico-sdk/src/rp2_common/pico_stdio_uart/stdio_uart.c.obj
                0x00000000100064a4                . = ALIGN (0x4)
 *(SORT_BY_ALIGNMENT(SORT_BY_NAME(.flashdata*)))
                0x00000000100064a4                . = ALIGN (0x4)

.rel.dyn        0x00000000100064a4        0x0
 .rel.iplt      0x00000000100064a4        0x0 /usr/local/Cellar/arm-none-eabi-gcc/10.3-2021.07/gcc/bin/../lib/gcc/arm-none-eabi/10.3.1/thumb/v6-m/nofp/crtbegin.o

.ARM.extab
 *(.ARM.extab* .gnu.linkonce.armextab.*)
                0x00000000100064a4                __exidx_start = .

.ARM.exidx
 *(.ARM.exidx* .gnu.linkonce.armexidx.*)
                0x00000000100064a4                __exidx_end = .
                0x00000000100064a4                . = ALIGN (0x4)
                0x00000000100064a4                __binary_info_start = .

.binary_info    0x00000000100064a4       0x24
 *(.binary_info.keep.*)
 .binary_info.keep.__bi_ptr22
                0x00000000100064a4        0x4 CMakeFiles/5110-LCD-RP2040.dir/Users/petrvanek/Documents/pico-sdk/src/rp2_common/pico_standard_link/binary_info.c.obj
 .binary_info.keep.__bi_ptr30
                0x00000000100064a8        0x4 CMakeFiles/5110-LCD-RP2040.dir/Users/petrvanek/Documents/pico-sdk/src/rp2_common/pico_standard_link/binary_info.c.obj
 .binary_info.keep.__bi_ptr38
                0x00000000100064ac        0x4 CMakeFiles/5110-LCD-RP2040.dir/Users/petrvanek/Documents/pico-sdk/src/rp2_common/pico_standard_link/binary_info.c.obj
 .binary_info.keep.__bi_ptr44
                0x00000000100064b0        0x4 CMakeFiles/5110-LCD-RP2040.dir/Users/petrvanek/Documents/pico-sdk/src/rp2_common/pico_standard_link/binary_info.c.obj
 .binary_info.keep.__bi_ptr50
                0x00000000100064b4        0x4 CMakeFiles/5110-LCD-RP2040.dir/Users/petrvanek/Documents/pico-sdk/src/rp2_common/pico_standard_link/binary_info.c.obj
 .binary_info.keep.__bi_ptr75
                0x00000000100064b8        0x4 CMakeFiles/5110-LCD-RP2040.dir/Users/petrvanek/Documents/pico-sdk/src/rp2_common/pico_standard_link/binary_info.c.obj
 .binary_info.keep.__bi_ptr81
                0x00000000100064bc        0x4 CMakeFiles/5110-LCD-RP2040.dir/Users/petrvanek/Documents/pico-sdk/src/rp2_common/pico_standard_link/binary_info.c.obj
 *(.binary_info.*)
 .binary_info.__bi_ptr28
                0x00000000100064c0        0x4 CMakeFiles/5110-LCD-RP2040.dir/Users/petrvanek/Documents/pico-sdk/src/rp2_common/pico_stdio_uart/stdio_uart.c.obj
 .binary_info.__bi_ptr29
                0x00000000100064c4        0x4 CMakeFiles/5110-LCD-RP2040.dir/Users/petrvanek/Documents/pico-sdk/src/rp2_common/pico_stdio_uart/stdio_uart.c.obj
                0x00000000100064c8                __binary_info_end = .
                0x00000000100064c8                . = ALIGN (0x4)
                0x00000000100064c8                __etext = .

.ram_vector_table
                0x0000000020000000       0xc0
 *(.ram_vector_table)
 .ram_vector_table
                0x0000000020000000       0xc0 CMakeFiles/5110-LCD-RP2040.dir/Users/petrvanek/Documents/pico-sdk/src/rp2_common/pico_runtime/runtime.c.obj
                0x0000000020000000                ram_vector_table

.data           0x00000000200000c0      0x200 load address 0x00000000100064c8
                0x00000000200000c0                __data_start__ = .
 *(vtable)
 *(.time_critical*)
 .time_critical.mutex_enter_blocking
                0x00000000200000c0       0x48 CMakeFiles/5110-LCD-RP2040.dir/Users/petrvanek/Documents/pico-sdk/src/common/pico_sync/mutex.c.obj
                0x00000000200000c0                mutex_enter_blocking
 .time_critical.mutex_try_enter
                0x0000000020000108       0x46 CMakeFiles/5110-LCD-RP2040.dir/Users/petrvanek/Documents/pico-sdk/src/common/pico_sync/mutex.c.obj
                0x0000000020000108                mutex_try_enter
 *fill*         0x000000002000014e        0x2 
 .time_critical.mutex_exit
                0x0000000020000150       0x4c CMakeFiles/5110-LCD-RP2040.dir/Users/petrvanek/Documents/pico-sdk/src/common/pico_sync/mutex.c.obj
                0x0000000020000150                mutex_exit
 .time_critical.spi_write_blocking
                0x000000002000019c       0x3a CMakeFiles/5110-LCD-RP2040.dir/Users/petrvanek/Documents/pico-sdk/src/rp2_common/hardware_spi/spi.c.obj
                0x000000002000019c                spi_write_blocking
 *(.text*)
 *fill*         0x00000000200001d6        0x2 
 .text          0x00000000200001d8        0x4 /usr/local/Cellar/arm-none-eabi-gcc/10.3-2021.07/gcc/bin/../lib/gcc/arm-none-eabi/10.3.1/thumb/v6-m/nofp/libgcc.a(_dvmd_tls.o)
                0x00000000200001d8                __aeabi_ldiv0
                0x00000000200001d8                __aeabi_idiv0
 *fill*         0x00000000200001dc        0x4 
 .text.__stub   0x00000000200001e0       0x10 linker stubs
                0x00000000200001f0                . = ALIGN (0x4)
 *(.rodata*)
                0x00000000200001f0                . = ALIGN (0x4)
 *(.data*)
 .data.striped_spin_lock_num
                0x00000000200001f0        0x1 CMakeFiles/5110-LCD-RP2040.dir/Users/petrvanek/Documents/pico-sdk/src/rp2_common/hardware_sync/sync.c.obj
 *fill*         0x00000000200001f1        0x3 
 .data          0x00000000200001f4       0x48 CMakeFiles/5110-LCD-RP2040.dir/Users/petrvanek/Documents/pico-sdk/src/rp2_common/hardware_irq/irq_handler_chain.S.obj
                0x00000000200001f4                irq_handler_chain_slots
                0x0000000020000224                irq_handler_chain_first_slot
                0x000000002000022e                irq_handler_chain_remove_tail
 .data.default_alarm_pool
                0x000000002000023c       0x18 CMakeFiles/5110-LCD-RP2040.dir/Users/petrvanek/Documents/pico-sdk/src/common/pico_time/time.c.obj
 .data.default_alarm_pool_heap
                0x0000000020000254       0x10 CMakeFiles/5110-LCD-RP2040.dir/Users/petrvanek/Documents/pico-sdk/src/common/pico_time/time.c.obj
 *fill*         0x0000000020000264        0xc 
 .data.aeabi_bits_funcs
                0x0000000020000270       0x10 CMakeFiles/5110-LCD-RP2040.dir/Users/petrvanek/Documents/pico-sdk/src/rp2_common/pico_bit_ops/bit_ops_aeabi.S.obj
                0x0000000020000270                aeabi_bits_funcs
                0x0000000020000280                aeabi_bits_funcs_end
 .data.aeabi_mem_funcs
                0x0000000020000280       0x10 CMakeFiles/5110-LCD-RP2040.dir/Users/petrvanek/Documents/pico-sdk/src/rp2_common/pico_mem_ops/mem_ops_aeabi.S.obj
                0x0000000020000280                aeabi_mem_funcs
                0x0000000020000290                aeabi_mem_funcs_end
 .data.stdio_uart
                0x0000000020000290       0x14 CMakeFiles/5110-LCD-RP2040.dir/Users/petrvanek/Documents/pico-sdk/src/rp2_common/pico_stdio_uart/stdio_uart.c.obj
                0x0000000020000290                stdio_uart
                0x00000000200002a4                . = ALIGN (0x4)
 *(.after_data.*)
                0x00000000200002a4                . = ALIGN (0x4)
                0x00000000200002a4                PROVIDE (__mutex_array_start = .)
 *(SORT_BY_NAME(.mutex_array.*))
 *(.mutex_array)
 .mutex_array   0x00000000200002a4        0x8 CMakeFiles/5110-LCD-RP2040.dir/Users/petrvanek/Documents/pico-sdk/src/rp2_common/pico_stdio/stdio.c.obj
                0x00000000200002ac                PROVIDE (__mutex_array_end = .)
                0x00000000200002ac                . = ALIGN (0x4)
                0x00000000200002ac                PROVIDE (__preinit_array_start = .)
 *(SORT_BY_NAME(.preinit_array.*))
 .preinit_array.00001
                0x00000000200002ac        0x4 CMakeFiles/5110-LCD-RP2040.dir/Users/petrvanek/Documents/pico-sdk/src/rp2_common/pico_mem_ops/mem_ops_aeabi.S.obj
 .preinit_array.00010
                0x00000000200002b0        0x4 CMakeFiles/5110-LCD-RP2040.dir/Users/petrvanek/Documents/pico-sdk/src/rp2_common/pico_bit_ops/bit_ops_aeabi.S.obj
 .preinit_array.00020
                0x00000000200002b4        0x4 CMakeFiles/5110-LCD-RP2040.dir/Users/petrvanek/Documents/pico-sdk/src/rp2_common/pico_double/double_aeabi.S.obj
 .preinit_array.00020
                0x00000000200002b8        0x4 CMakeFiles/5110-LCD-RP2040.dir/Users/petrvanek/Documents/pico-sdk/src/rp2_common/pico_float/float_aeabi.S.obj
 *(.preinit_array)
                0x00000000200002bc                PROVIDE (__preinit_array_end = .)
                0x00000000200002bc                . = ALIGN (0x4)
                0x00000000200002bc                PROVIDE (__init_array_start = .)
 *(SORT_BY_NAME(.init_array.*))
 *(.init_array)
 .init_array    0x00000000200002bc        0x4 /usr/local/Cellar/arm-none-eabi-gcc/10.3-2021.07/gcc/bin/../lib/gcc/arm-none-eabi/10.3.1/thumb/v6-m/nofp/crtbegin.o
                0x00000000200002c0                PROVIDE (__init_array_end = .)
                0x00000000200002c0                . = ALIGN (0x4)
                [!provide]                        PROVIDE (__fini_array_start = .)
 *(SORT_BY_NAME(.fini_array.*))
 *(.fini_array)
                [!provide]                        PROVIDE (__fini_array_end = .)
 *(.jcr)
                0x00000000200002c0                . = ALIGN (0x4)
                0x00000000200002c0                __data_end__ = .

.igot.plt       0x00000000200002c0        0x0 load address 0x00000000100066c8
 .igot.plt      0x00000000200002c0        0x0 /usr/local/Cellar/arm-none-eabi-gcc/10.3-2021.07/gcc/bin/../lib/gcc/arm-none-eabi/10.3.1/thumb/v6-m/nofp/crtbegin.o

.uninitialized_data
                0x00000000200002c0        0x0 load address 0x00000000100066c8
                0x00000000200002c0                . = ALIGN (0x4)
 *(.uninitialized_data*)

.scratch_x      0x0000000020040000        0x0 load address 0x00000000100066c8
                0x0000000020040000                __scratch_x_start__ = .
 *(.scratch_x.*)
                0x0000000020040000                . = ALIGN (0x4)
                0x0000000020040000                __scratch_x_end__ = .
                0x00000000100066c8                __scratch_x_source__ = LOADADDR (.scratch_x)

.scratch_y      0x0000000020041000        0x0 load address 0x00000000100066c8
                0x0000000020041000                __scratch_y_start__ = .
 *(.scratch_y.*)
                0x0000000020041000                . = ALIGN (0x4)
                0x0000000020041000                __scratch_y_end__ = .
                0x00000000100066c8                __scratch_y_source__ = LOADADDR (.scratch_y)

.bss            0x00000000200002c0      0x3d0
                0x00000000200002c0                . = ALIGN (0x4)
                0x00000000200002c0                __bss_start__ = .
 *(SORT_BY_ALIGNMENT(SORT_BY_NAME(.bss*)))
 .bss.default_alarm_pool_entries
                0x00000000200002c0      0x100 CMakeFiles/5110-LCD-RP2040.dir/Users/petrvanek/Documents/pico-sdk/src/common/pico_time/time.c.obj
 .bss           0x00000000200003c0       0x1c /usr/local/Cellar/arm-none-eabi-gcc/10.3-2021.07/gcc/bin/../lib/gcc/arm-none-eabi/10.3.1/thumb/v6-m/nofp/crtbegin.o
 .bss.alarm_callbacks
                0x00000000200003dc       0x10 CMakeFiles/5110-LCD-RP2040.dir/Users/petrvanek/Documents/pico-sdk/src/rp2_common/hardware_timer/timer.c.obj
 .bss.configured_freq
                0x00000000200003ec       0x28 CMakeFiles/5110-LCD-RP2040.dir/Users/petrvanek/Documents/pico-sdk/src/rp2_common/hardware_clocks/clocks.c.obj
 .bss.default_alarm_pool_entry_ids_high
                0x0000000020000414       0x10 CMakeFiles/5110-LCD-RP2040.dir/Users/petrvanek/Documents/pico-sdk/src/common/pico_time/time.c.obj
 .bss.default_alarm_pool_heap_nodes
                0x0000000020000424       0x30 CMakeFiles/5110-LCD-RP2040.dir/Users/petrvanek/Documents/pico-sdk/src/common/pico_time/time.c.obj
 .bss.drivers   0x0000000020000454        0x4 CMakeFiles/5110-LCD-RP2040.dir/Users/petrvanek/Documents/pico-sdk/src/rp2_common/pico_stdio/stdio.c.obj
 .bss.filter    0x0000000020000458        0x4 CMakeFiles/5110-LCD-RP2040.dir/Users/petrvanek/Documents/pico-sdk/src/rp2_common/pico_stdio/stdio.c.obj
 .bss.pools     0x000000002000045c       0x10 CMakeFiles/5110-LCD-RP2040.dir/Users/petrvanek/Documents/pico-sdk/src/common/pico_time/time.c.obj
 .bss.sd_table  0x000000002000046c      0x100 CMakeFiles/5110-LCD-RP2040.dir/Users/petrvanek/Documents/pico-sdk/src/rp2_common/pico_double/double_init_rom.c.obj
                0x000000002000046c                sd_table
 .bss.sf_clz_func
                0x000000002000056c        0x4 CMakeFiles/5110-LCD-RP2040.dir/Users/petrvanek/Documents/pico-sdk/src/rp2_common/pico_double/double_init_rom.c.obj
                0x000000002000056c                sf_clz_func
 .bss.sf_table  0x0000000020000570      0x100 CMakeFiles/5110-LCD-RP2040.dir/Users/petrvanek/Documents/pico-sdk/src/rp2_common/pico_float/float_init_rom.c.obj
                0x0000000020000570                sf_table
 .bss.sleep_notifier
                0x0000000020000670        0x4 CMakeFiles/5110-LCD-RP2040.dir/Users/petrvanek/Documents/pico-sdk/src/common/pico_time/time.c.obj
 .bss.target_hi
                0x0000000020000674       0x10 CMakeFiles/5110-LCD-RP2040.dir/Users/petrvanek/Documents/pico-sdk/src/rp2_common/hardware_timer/timer.c.obj
 .bss.uart_char_to_line_feed
                0x0000000020000684        0x4 CMakeFiles/5110-LCD-RP2040.dir/Users/petrvanek/Documents/pico-sdk/src/rp2_common/hardware_uart/uart.c.obj
                0x0000000020000684                uart_char_to_line_feed
 .bss.uart_instance
                0x0000000020000688        0x4 CMakeFiles/5110-LCD-RP2040.dir/Users/petrvanek/Documents/pico-sdk/src/rp2_common/pico_stdio_uart/stdio_uart.c.obj
 .bss.claimed   0x000000002000068c        0x1 CMakeFiles/5110-LCD-RP2040.dir/Users/petrvanek/Documents/pico-sdk/src/rp2_common/hardware_timer/timer.c.obj
 .bss.irq_hander_chain_free_slot_head
                0x000000002000068d        0x1 CMakeFiles/5110-LCD-RP2040.dir/Users/petrvanek/Documents/pico-sdk/src/rp2_common/hardware_irq/irq.c.obj
 .bss.timer_callbacks_pending
                0x000000002000068e        0x1 CMakeFiles/5110-LCD-RP2040.dir/Users/petrvanek/Documents/pico-sdk/src/rp2_common/hardware_timer/timer.c.obj
 *(COMMON)
                0x0000000020000690                . = ALIGN (0x4)
 *fill*         0x000000002000068f        0x1 
                0x0000000020000690                __bss_end__ = .

.heap           0x0000000020000690      0x800
                0x0000000020000690                __end__ = .
                0x0000000020000690                end = __end__
 *(.heap*)
 .heap          0x0000000020000690      0x800 CMakeFiles/5110-LCD-RP2040.dir/Users/petrvanek/Documents/pico-sdk/src/rp2_common/pico_standard_link/crt0.S.obj
                0x0000000020000e90                __HeapLimit = .

.stack1_dummy   0x0000000020040000        0x0
 *(.stack1*)

.stack_dummy    0x0000000020041000      0x800
 *(.stack*)
 .stack         0x0000000020041000      0x800 CMakeFiles/5110-LCD-RP2040.dir/Users/petrvanek/Documents/pico-sdk/src/rp2_common/pico_standard_link/crt0.S.obj

.flash_end      0x00000000100066c8        0x0
                0x00000000100066c8                __flash_binary_end = .
                0x0000000020040000                __StackLimit = (ORIGIN (RAM) + LENGTH (RAM))
                0x0000000020041000                __StackOneTop = (ORIGIN (SCRATCH_X) + LENGTH (SCRATCH_X))
                0x0000000020042000                __StackTop = (ORIGIN (SCRATCH_Y) + LENGTH (SCRATCH_Y))
                0x0000000020041000                __StackOneBottom = (__StackOneTop - SIZEOF (.stack1_dummy))
                0x0000000020041800                __StackBottom = (__StackTop - SIZEOF (.stack_dummy))
                0x0000000020042000                PROVIDE (__stack = __StackTop)
                0x0000000000000001                ASSERT ((__StackLimit >= __HeapLimit), region RAM overflowed)
                0x0000000000000001                ASSERT (((__binary_info_header_end - __logical_binary_start) <= 0x100), Binary info must be in first 256 bytes of the binary)
LOAD CMakeFiles/5110-LCD-RP2040.dir/lcd5110.cpp.obj
LOAD CMakeFiles/5110-LCD-RP2040.dir/main.cpp.obj
LOAD CMakeFiles/5110-LCD-RP2040.dir/Users/petrvanek/Documents/pico-sdk/src/rp2_common/pico_stdlib/stdlib.c.obj
LOAD CMakeFiles/5110-LCD-RP2040.dir/Users/petrvanek/Documents/pico-sdk/src/rp2_common/hardware_gpio/gpio.c.obj
LOAD CMakeFiles/5110-LCD-RP2040.dir/Users/petrvanek/Documents/pico-sdk/src/rp2_common/hardware_claim/claim.c.obj
LOAD CMakeFiles/5110-LCD-RP2040.dir/Users/petrvanek/Documents/pico-sdk/src/rp2_common/pico_platform/platform.c.obj
LOAD CMakeFiles/5110-LCD-RP2040.dir/Users/petrvanek/Documents/pico-sdk/src/rp2_common/hardware_sync/sync.c.obj
LOAD CMakeFiles/5110-LCD-RP2040.dir/Users/petrvanek/Documents/pico-sdk/src/rp2_common/hardware_irq/irq.c.obj
LOAD CMakeFiles/5110-LCD-RP2040.dir/Users/petrvanek/Documents/pico-sdk/src/rp2_common/hardware_irq/irq_handler_chain.S.obj
LOAD CMakeFiles/5110-LCD-RP2040.dir/Users/petrvanek/Documents/pico-sdk/src/common/pico_sync/sem.c.obj
LOAD CMakeFiles/5110-LCD-RP2040.dir/Users/petrvanek/Documents/pico-sdk/src/common/pico_sync/lock_core.c.obj
LOAD CMakeFiles/5110-LCD-RP2040.dir/Users/petrvanek/Documents/pico-sdk/src/common/pico_time/time.c.obj
LOAD CMakeFiles/5110-LCD-RP2040.dir/Users/petrvanek/Documents/pico-sdk/src/common/pico_time/timeout_helper.c.obj
LOAD CMakeFiles/5110-LCD-RP2040.dir/Users/petrvanek/Documents/pico-sdk/src/rp2_common/hardware_timer/timer.c.obj
LOAD CMakeFiles/5110-LCD-RP2040.dir/Users/petrvanek/Documents/pico-sdk/src/common/pico_util/datetime.c.obj
LOAD CMakeFiles/5110-LCD-RP2040.dir/Users/petrvanek/Documents/pico-sdk/src/common/pico_util/pheap.c.obj
LOAD CMakeFiles/5110-LCD-RP2040.dir/Users/petrvanek/Documents/pico-sdk/src/common/pico_util/queue.c.obj
LOAD CMakeFiles/5110-LCD-RP2040.dir/Users/petrvanek/Documents/pico-sdk/src/common/pico_sync/mutex.c.obj
LOAD CMakeFiles/5110-LCD-RP2040.dir/Users/petrvanek/Documents/pico-sdk/src/common/pico_sync/critical_section.c.obj
LOAD CMakeFiles/5110-LCD-RP2040.dir/Users/petrvanek/Documents/pico-sdk/src/rp2_common/hardware_uart/uart.c.obj
LOAD CMakeFiles/5110-LCD-RP2040.dir/Users/petrvanek/Documents/pico-sdk/src/rp2_common/hardware_divider/divider.S.obj
LOAD CMakeFiles/5110-LCD-RP2040.dir/Users/petrvanek/Documents/pico-sdk/src/rp2_common/pico_runtime/runtime.c.obj
LOAD CMakeFiles/5110-LCD-RP2040.dir/Users/petrvanek/Documents/pico-sdk/src/rp2_common/hardware_clocks/clocks.c.obj
LOAD CMakeFiles/5110-LCD-RP2040.dir/Users/petrvanek/Documents/pico-sdk/src/rp2_common/hardware_pll/pll.c.obj
LOAD CMakeFiles/5110-LCD-RP2040.dir/Users/petrvanek/Documents/pico-sdk/src/rp2_common/hardware_vreg/vreg.c.obj
LOAD CMakeFiles/5110-LCD-RP2040.dir/Users/petrvanek/Documents/pico-sdk/src/rp2_common/hardware_watchdog/watchdog.c.obj
LOAD CMakeFiles/5110-LCD-RP2040.dir/Users/petrvanek/Documents/pico-sdk/src/rp2_common/hardware_xosc/xosc.c.obj
LOAD CMakeFiles/5110-LCD-RP2040.dir/Users/petrvanek/Documents/pico-sdk/src/rp2_common/pico_printf/printf.c.obj
LOAD CMakeFiles/5110-LCD-RP2040.dir/Users/petrvanek/Documents/pico-sdk/src/rp2_common/pico_bit_ops/bit_ops_aeabi.S.obj
LOAD CMakeFiles/5110-LCD-RP2040.dir/Users/petrvanek/Documents/pico-sdk/src/rp2_common/pico_bootrom/bootrom.c.obj
LOAD CMakeFiles/5110-LCD-RP2040.dir/Users/petrvanek/Documents/pico-sdk/src/rp2_common/pico_divider/divider.S.obj
LOAD CMakeFiles/5110-LCD-RP2040.dir/Users/petrvanek/Documents/pico-sdk/src/rp2_common/pico_double/double_aeabi.S.obj
LOAD CMakeFiles/5110-LCD-RP2040.dir/Users/petrvanek/Documents/pico-sdk/src/rp2_common/pico_double/double_init_rom.c.obj
LOAD CMakeFiles/5110-LCD-RP2040.dir/Users/petrvanek/Documents/pico-sdk/src/rp2_common/pico_double/double_math.c.obj
LOAD CMakeFiles/5110-LCD-RP2040.dir/Users/petrvanek/Documents/pico-sdk/src/rp2_common/pico_double/double_v1_rom_shim.S.obj
LOAD CMakeFiles/5110-LCD-RP2040.dir/Users/petrvanek/Documents/pico-sdk/src/rp2_common/pico_int64_ops/pico_int64_ops_aeabi.S.obj
LOAD CMakeFiles/5110-LCD-RP2040.dir/Users/petrvanek/Documents/pico-sdk/src/rp2_common/pico_float/float_aeabi.S.obj
LOAD CMakeFiles/5110-LCD-RP2040.dir/Users/petrvanek/Documents/pico-sdk/src/rp2_common/pico_float/float_init_rom.c.obj
LOAD CMakeFiles/5110-LCD-RP2040.dir/Users/petrvanek/Documents/pico-sdk/src/rp2_common/pico_float/float_math.c.obj
LOAD CMakeFiles/5110-LCD-RP2040.dir/Users/petrvanek/Documents/pico-sdk/src/rp2_common/pico_float/float_v1_rom_shim.S.obj
LOAD CMakeFiles/5110-LCD-RP2040.dir/Users/petrvanek/Documents/pico-sdk/src/rp2_common/pico_malloc/pico_malloc.c.obj
LOAD CMakeFiles/5110-LCD-RP2040.dir/Users/petrvanek/Documents/pico-sdk/src/rp2_common/pico_mem_ops/mem_ops_aeabi.S.obj
LOAD CMakeFiles/5110-LCD-RP2040.dir/Users/petrvanek/Documents/pico-sdk/src/rp2_common/pico_standard_link/crt0.S.obj
LOAD CMakeFiles/5110-LCD-RP2040.dir/Users/petrvanek/Documents/pico-sdk/src/rp2_common/pico_standard_link/new_delete.cpp.obj
LOAD CMakeFiles/5110-LCD-RP2040.dir/Users/petrvanek/Documents/pico-sdk/src/rp2_common/pico_standard_link/binary_info.c.obj
LOAD CMakeFiles/5110-LCD-RP2040.dir/Users/petrvanek/Documents/pico-sdk/src/rp2_common/pico_stdio/stdio.c.obj
LOAD CMakeFiles/5110-LCD-RP2040.dir/Users/petrvanek/Documents/pico-sdk/src/rp2_common/pico_stdio_uart/stdio_uart.c.obj
LOAD CMakeFiles/5110-LCD-RP2040.dir/Users/petrvanek/Documents/pico-sdk/src/rp2_common/hardware_pio/pio.c.obj
LOAD CMakeFiles/5110-LCD-RP2040.dir/Users/petrvanek/Documents/pico-sdk/src/rp2_common/hardware_spi/spi.c.obj
LOAD CMakeFiles/5110-LCD-RP2040.dir/Users/petrvanek/Documents/pico-sdk/src/rp2_common/hardware_dma/dma.c.obj
LOAD /var/folders/n1/kpp51td55rs4y5mdpjkx8hrm0000gn/T//ccLn6fkU.o
LOAD /usr/local/Cellar/arm-none-eabi-gcc/10.3-2021.07/gcc/bin/../lib/gcc/arm-none-eabi/10.3.1/../../../../arm-none-eabi/lib/thumb/v6-m/nofp/libstdc++.a
LOAD /usr/local/Cellar/arm-none-eabi-gcc/10.3-2021.07/gcc/bin/../lib/gcc/arm-none-eabi/10.3.1/../../../../arm-none-eabi/lib/thumb/v6-m/nofp/libm.a
START GROUP
LOAD /usr/local/Cellar/arm-none-eabi-gcc/10.3-2021.07/gcc/bin/../lib/gcc/arm-none-eabi/10.3.1/thumb/v6-m/nofp/libgcc.a
LOAD /usr/local/Cellar/arm-none-eabi-gcc/10.3-2021.07/gcc/bin/../lib/gcc/arm-none-eabi/10.3.1/../../../../arm-none-eabi/lib/thumb/v6-m/nofp/libg.a
LOAD /usr/local/Cellar/arm-none-eabi-gcc/10.3-2021.07/gcc/bin/../lib/gcc/arm-none-eabi/10.3.1/../../../../arm-none-eabi/lib/thumb/v6-m/nofp/libc.a
END GROUP
START GROUP
LOAD /usr/local/Cellar/arm-none-eabi-gcc/10.3-2021.07/gcc/bin/../lib/gcc/arm-none-eabi/10.3.1/thumb/v6-m/nofp/libgcc.a
LOAD /usr/local/Cellar/arm-none-eabi-gcc/10.3-2021.07/gcc/bin/../lib/gcc/arm-none-eabi/10.3.1/../../../../arm-none-eabi/lib/thumb/v6-m/nofp/libc.a
LOAD /usr/local/Cellar/arm-none-eabi-gcc/10.3-2021.07/gcc/bin/../lib/gcc/arm-none-eabi/10.3.1/../../../../arm-none-eabi/lib/thumb/v6-m/nofp/libnosys.a
END GROUP
LOAD /usr/local/Cellar/arm-none-eabi-gcc/10.3-2021.07/gcc/bin/../lib/gcc/arm-none-eabi/10.3.1/thumb/v6-m/nofp/crtend.o
LOAD /usr/local/Cellar/arm-none-eabi-gcc/10.3-2021.07/gcc/bin/../lib/gcc/arm-none-eabi/10.3.1/thumb/v6-m/nofp/crtn.o
OUTPUT(5110-LCD-RP2040.elf elf32-littlearm)
LOAD linker stubs

.ARM.attributes
                0x0000000000000000       0x28
 .ARM.attributes
                0x0000000000000000       0x1e /usr/local/Cellar/arm-none-eabi-gcc/10.3-2021.07/gcc/bin/../lib/gcc/arm-none-eabi/10.3.1/thumb/v6-m/nofp/crti.o
 .ARM.attributes
                0x000000000000001e       0x2c /usr/local/Cellar/arm-none-eabi-gcc/10.3-2021.07/gcc/bin/../lib/gcc/arm-none-eabi/10.3.1/thumb/v6-m/nofp/crtbegin.o
 .ARM.attributes
                0x000000000000004a       0x2c CMakeFiles/5110-LCD-RP2040.dir/lcd5110.cpp.obj
 .ARM.attributes
                0x0000000000000076       0x2c CMakeFiles/5110-LCD-RP2040.dir/main.cpp.obj
 .ARM.attributes
                0x00000000000000a2       0x2c CMakeFiles/5110-LCD-RP2040.dir/Users/petrvanek/Documents/pico-sdk/src/rp2_common/hardware_gpio/gpio.c.obj
 .ARM.attributes
                0x00000000000000ce       0x2c CMakeFiles/5110-LCD-RP2040.dir/Users/petrvanek/Documents/pico-sdk/src/rp2_common/hardware_claim/claim.c.obj
 .ARM.attributes
                0x00000000000000fa       0x2c CMakeFiles/5110-LCD-RP2040.dir/Users/petrvanek/Documents/pico-sdk/src/rp2_common/pico_platform/platform.c.obj
 .ARM.attributes
                0x0000000000000126       0x2c CMakeFiles/5110-LCD-RP2040.dir/Users/petrvanek/Documents/pico-sdk/src/rp2_common/hardware_sync/sync.c.obj
 .ARM.attributes
                0x0000000000000152       0x2c CMakeFiles/5110-LCD-RP2040.dir/Users/petrvanek/Documents/pico-sdk/src/rp2_common/hardware_irq/irq.c.obj
 .ARM.attributes
                0x000000000000017e       0x22 CMakeFiles/5110-LCD-RP2040.dir/Users/petrvanek/Documents/pico-sdk/src/rp2_common/hardware_irq/irq_handler_chain.S.obj
 .ARM.attributes
                0x00000000000001a0       0x2c CMakeFiles/5110-LCD-RP2040.dir/Users/petrvanek/Documents/pico-sdk/src/common/pico_sync/lock_core.c.obj
 .ARM.attributes
                0x00000000000001cc       0x2c CMakeFiles/5110-LCD-RP2040.dir/Users/petrvanek/Documents/pico-sdk/src/common/pico_time/time.c.obj
 .ARM.attributes
                0x00000000000001f8       0x2c CMakeFiles/5110-LCD-RP2040.dir/Users/petrvanek/Documents/pico-sdk/src/rp2_common/hardware_timer/timer.c.obj
 .ARM.attributes
                0x0000000000000224       0x2c CMakeFiles/5110-LCD-RP2040.dir/Users/petrvanek/Documents/pico-sdk/src/common/pico_util/pheap.c.obj
 .ARM.attributes
                0x0000000000000250       0x2c CMakeFiles/5110-LCD-RP2040.dir/Users/petrvanek/Documents/pico-sdk/src/common/pico_sync/mutex.c.obj
 .ARM.attributes
                0x000000000000027c       0x2c CMakeFiles/5110-LCD-RP2040.dir/Users/petrvanek/Documents/pico-sdk/src/rp2_common/hardware_uart/uart.c.obj
 .ARM.attributes
                0x00000000000002a8       0x2c CMakeFiles/5110-LCD-RP2040.dir/Users/petrvanek/Documents/pico-sdk/src/rp2_common/pico_runtime/runtime.c.obj
 .ARM.attributes
                0x00000000000002d4       0x2c CMakeFiles/5110-LCD-RP2040.dir/Users/petrvanek/Documents/pico-sdk/src/rp2_common/hardware_clocks/clocks.c.obj
 .ARM.attributes
                0x0000000000000300       0x2c CMakeFiles/5110-LCD-RP2040.dir/Users/petrvanek/Documents/pico-sdk/src/rp2_common/hardware_pll/pll.c.obj
 .ARM.attributes
                0x000000000000032c       0x2c CMakeFiles/5110-LCD-RP2040.dir/Users/petrvanek/Documents/pico-sdk/src/rp2_common/hardware_watchdog/watchdog.c.obj
 .ARM.attributes
                0x0000000000000358       0x2c CMakeFiles/5110-LCD-RP2040.dir/Users/petrvanek/Documents/pico-sdk/src/rp2_common/hardware_xosc/xosc.c.obj
 .ARM.attributes
                0x0000000000000384       0x2c CMakeFiles/5110-LCD-RP2040.dir/Users/petrvanek/Documents/pico-sdk/src/rp2_common/pico_printf/printf.c.obj
 .ARM.attributes
                0x00000000000003b0       0x22 CMakeFiles/5110-LCD-RP2040.dir/Users/petrvanek/Documents/pico-sdk/src/rp2_common/pico_bit_ops/bit_ops_aeabi.S.obj
 .ARM.attributes
                0x00000000000003d2       0x2c CMakeFiles/5110-LCD-RP2040.dir/Users/petrvanek/Documents/pico-sdk/src/rp2_common/pico_bootrom/bootrom.c.obj
 .ARM.attributes
                0x00000000000003fe       0x22 CMakeFiles/5110-LCD-RP2040.dir/Users/petrvanek/Documents/pico-sdk/src/rp2_common/pico_divider/divider.S.obj
 .ARM.attributes
                0x0000000000000420       0x22 CMakeFiles/5110-LCD-RP2040.dir/Users/petrvanek/Documents/pico-sdk/src/rp2_common/pico_double/double_aeabi.S.obj
 .ARM.attributes
                0x0000000000000442       0x2c CMakeFiles/5110-LCD-RP2040.dir/Users/petrvanek/Documents/pico-sdk/src/rp2_common/pico_double/double_init_rom.c.obj
 .ARM.attributes
                0x000000000000046e       0x22 CMakeFiles/5110-LCD-RP2040.dir/Users/petrvanek/Documents/pico-sdk/src/rp2_common/pico_double/double_v1_rom_shim.S.obj
 .ARM.attributes
                0x0000000000000490       0x22 CMakeFiles/5110-LCD-RP2040.dir/Users/petrvanek/Documents/pico-sdk/src/rp2_common/pico_int64_ops/pico_int64_ops_aeabi.S.obj
 .ARM.attributes
                0x00000000000004b2       0x22 CMakeFiles/5110-LCD-RP2040.dir/Users/petrvanek/Documents/pico-sdk/src/rp2_common/pico_float/float_aeabi.S.obj
 .ARM.attributes
                0x00000000000004d4       0x2c CMakeFiles/5110-LCD-RP2040.dir/Users/petrvanek/Documents/pico-sdk/src/rp2_common/pico_float/float_init_rom.c.obj
 .ARM.attributes
                0x0000000000000500       0x2c CMakeFiles/5110-LCD-RP2040.dir/Users/petrvanek/Documents/pico-sdk/src/rp2_common/pico_float/float_math.c.obj
 .ARM.attributes
                0x000000000000052c       0x22 CMakeFiles/5110-LCD-RP2040.dir/Users/petrvanek/Documents/pico-sdk/src/rp2_common/pico_float/float_v1_rom_shim.S.obj
 .ARM.attributes
                0x000000000000054e       0x22 CMakeFiles/5110-LCD-RP2040.dir/Users/petrvanek/Documents/pico-sdk/src/rp2_common/pico_mem_ops/mem_ops_aeabi.S.obj
 .ARM.attributes
                0x0000000000000570       0x22 CMakeFiles/5110-LCD-RP2040.dir/Users/petrvanek/Documents/pico-sdk/src/rp2_common/pico_standard_link/crt0.S.obj
 .ARM.attributes
                0x0000000000000592       0x32 CMakeFiles/5110-LCD-RP2040.dir/Users/petrvanek/Documents/pico-sdk/src/rp2_common/pico_standard_link/binary_info.c.obj
 .ARM.attributes
                0x00000000000005c4       0x2c CMakeFiles/5110-LCD-RP2040.dir/Users/petrvanek/Documents/pico-sdk/src/rp2_common/pico_stdio/stdio.c.obj
 .ARM.attributes
                0x00000000000005f0       0x2c CMakeFiles/5110-LCD-RP2040.dir/Users/petrvanek/Documents/pico-sdk/src/rp2_common/pico_stdio_uart/stdio_uart.c.obj
 .ARM.attributes
                0x000000000000061c       0x2c CMakeFiles/5110-LCD-RP2040.dir/Users/petrvanek/Documents/pico-sdk/src/rp2_common/hardware_spi/spi.c.obj
 .ARM.attributes
                0x0000000000000648       0x22 /var/folders/n1/kpp51td55rs4y5mdpjkx8hrm0000gn/T//ccLn6fkU.o
 .ARM.attributes
                0x000000000000066a       0x1e /usr/local/Cellar/arm-none-eabi-gcc/10.3-2021.07/gcc/bin/../lib/gcc/arm-none-eabi/10.3.1/thumb/v6-m/nofp/libgcc.a(_dvmd_tls.o)
 .ARM.attributes
                0x0000000000000688       0x2c /usr/local/Cellar/arm-none-eabi-gcc/10.3-2021.07/gcc/bin/../lib/gcc/arm-none-eabi/10.3.1/../../../../arm-none-eabi/lib/thumb/v6-m/nofp/libg.a(lib_a-strlen-stub.o)

.comment        0x0000000000000000       0x49
 .comment       0x0000000000000000       0x49 CMakeFiles/5110-LCD-RP2040.dir/lcd5110.cpp.obj
                                         0x4a (size before relaxing)
 .comment       0x0000000000000049       0x4a CMakeFiles/5110-LCD-RP2040.dir/main.cpp.obj
 .comment       0x0000000000000049       0x4a CMakeFiles/5110-LCD-RP2040.dir/Users/petrvanek/Documents/pico-sdk/src/rp2_common/hardware_gpio/gpio.c.obj
 .comment       0x0000000000000049       0x4a CMakeFiles/5110-LCD-RP2040.dir/Users/petrvanek/Documents/pico-sdk/src/rp2_common/hardware_claim/claim.c.obj
 .comment       0x0000000000000049       0x4a CMakeFiles/5110-LCD-RP2040.dir/Users/petrvanek/Documents/pico-sdk/src/rp2_common/pico_platform/platform.c.obj
 .comment       0x0000000000000049       0x4a CMakeFiles/5110-LCD-RP2040.dir/Users/petrvanek/Documents/pico-sdk/src/rp2_common/hardware_sync/sync.c.obj
 .comment       0x0000000000000049       0x4a CMakeFiles/5110-LCD-RP2040.dir/Users/petrvanek/Documents/pico-sdk/src/rp2_common/hardware_irq/irq.c.obj
 .comment       0x0000000000000049       0x4a CMakeFiles/5110-LCD-RP2040.dir/Users/petrvanek/Documents/pico-sdk/src/common/pico_sync/lock_core.c.obj
 .comment       0x0000000000000049       0x4a CMakeFiles/5110-LCD-RP2040.dir/Users/petrvanek/Documents/pico-sdk/src/common/pico_time/time.c.obj
 .comment       0x0000000000000049       0x4a CMakeFiles/5110-LCD-RP2040.dir/Users/petrvanek/Documents/pico-sdk/src/rp2_common/hardware_timer/timer.c.obj
 .comment       0x0000000000000049       0x4a CMakeFiles/5110-LCD-RP2040.dir/Users/petrvanek/Documents/pico-sdk/src/common/pico_util/pheap.c.obj
 .comment       0x0000000000000049       0x4a CMakeFiles/5110-LCD-RP2040.dir/Users/petrvanek/Documents/pico-sdk/src/common/pico_sync/mutex.c.obj
 .comment       0x0000000000000049       0x4a CMakeFiles/5110-LCD-RP2040.dir/Users/petrvanek/Documents/pico-sdk/src/rp2_common/hardware_uart/uart.c.obj
 .comment       0x0000000000000049       0x4a CMakeFiles/5110-LCD-RP2040.dir/Users/petrvanek/Documents/pico-sdk/src/rp2_common/pico_runtime/runtime.c.obj
 .comment       0x0000000000000049       0x4a CMakeFiles/5110-LCD-RP2040.dir/Users/petrvanek/Documents/pico-sdk/src/rp2_common/hardware_clocks/clocks.c.obj
 .comment       0x0000000000000049       0x4a CMakeFiles/5110-LCD-RP2040.dir/Users/petrvanek/Documents/pico-sdk/src/rp2_common/hardware_pll/pll.c.obj
 .comment       0x0000000000000049       0x4a CMakeFiles/5110-LCD-RP2040.dir/Users/petrvanek/Documents/pico-sdk/src/rp2_common/hardware_watchdog/watchdog.c.obj
 .comment       0x0000000000000049       0x4a CMakeFiles/5110-LCD-RP2040.dir/Users/petrvanek/Documents/pico-sdk/src/rp2_common/hardware_xosc/xosc.c.obj
 .comment       0x0000000000000049       0x4a CMakeFiles/5110-LCD-RP2040.dir/Users/petrvanek/Documents/pico-sdk/src/rp2_common/pico_printf/printf.c.obj
 .comment       0x0000000000000049       0x4a CMakeFiles/5110-LCD-RP2040.dir/Users/petrvanek/Documents/pico-sdk/src/rp2_common/pico_bootrom/bootrom.c.obj
 .comment       0x0000000000000049       0x4a CMakeFiles/5110-LCD-RP2040.dir/Users/petrvanek/Documents/pico-sdk/src/rp2_common/pico_double/double_init_rom.c.obj
 .comment       0x0000000000000049       0x4a CMakeFiles/5110-LCD-RP2040.dir/Users/petrvanek/Documents/pico-sdk/src/rp2_common/pico_float/float_init_rom.c.obj
 .comment       0x0000000000000049       0x4a CMakeFiles/5110-LCD-RP2040.dir/Users/petrvanek/Documents/pico-sdk/src/rp2_common/pico_float/float_math.c.obj
 .comment       0x0000000000000049       0x4a CMakeFiles/5110-LCD-RP2040.dir/Users/petrvanek/Documents/pico-sdk/src/rp2_common/pico_standard_link/binary_info.c.obj
 .comment       0x0000000000000049       0x4a CMakeFiles/5110-LCD-RP2040.dir/Users/petrvanek/Documents/pico-sdk/src/rp2_common/pico_stdio/stdio.c.obj
 .comment       0x0000000000000049       0x4a CMakeFiles/5110-LCD-RP2040.dir/Users/petrvanek/Documents/pico-sdk/src/rp2_common/pico_stdio_uart/stdio_uart.c.obj
 .comment       0x0000000000000049       0x4a CMakeFiles/5110-LCD-RP2040.dir/Users/petrvanek/Documents/pico-sdk/src/rp2_common/hardware_spi/spi.c.obj

.debug_info     0x0000000000000000    0x1e111
 .debug_info    0x0000000000000000     0x2fbd CMakeFiles/5110-LCD-RP2040.dir/lcd5110.cpp.obj
 .debug_info    0x0000000000002fbd     0x1765 CMakeFiles/5110-LCD-RP2040.dir/main.cpp.obj
 .debug_info    0x0000000000004722     0x16d7 CMakeFiles/5110-LCD-RP2040.dir/Users/petrvanek/Documents/pico-sdk/src/rp2_common/hardware_gpio/gpio.c.obj
 .debug_info    0x0000000000005df9      0x6bb CMakeFiles/5110-LCD-RP2040.dir/Users/petrvanek/Documents/pico-sdk/src/rp2_common/hardware_claim/claim.c.obj
 .debug_info    0x00000000000064b4      0x1e3 CMakeFiles/5110-LCD-RP2040.dir/Users/petrvanek/Documents/pico-sdk/src/rp2_common/pico_platform/platform.c.obj
 .debug_info    0x0000000000006697      0x58e CMakeFiles/5110-LCD-RP2040.dir/Users/petrvanek/Documents/pico-sdk/src/rp2_common/hardware_sync/sync.c.obj
 .debug_info    0x0000000000006c25     0x1c49 CMakeFiles/5110-LCD-RP2040.dir/Users/petrvanek/Documents/pico-sdk/src/rp2_common/hardware_irq/irq.c.obj
 .debug_info    0x000000000000886e      0x1a4 CMakeFiles/5110-LCD-RP2040.dir/Users/petrvanek/Documents/pico-sdk/src/common/pico_sync/lock_core.c.obj
 .debug_info    0x0000000000008a12     0x3b3b CMakeFiles/5110-LCD-RP2040.dir/Users/petrvanek/Documents/pico-sdk/src/common/pico_time/time.c.obj
 .debug_info    0x000000000000c54d     0x1134 CMakeFiles/5110-LCD-RP2040.dir/Users/petrvanek/Documents/pico-sdk/src/rp2_common/hardware_timer/timer.c.obj
 .debug_info    0x000000000000d681     0x120c CMakeFiles/5110-LCD-RP2040.dir/Users/petrvanek/Documents/pico-sdk/src/common/pico_util/pheap.c.obj
 .debug_info    0x000000000000e88d     0x2022 CMakeFiles/5110-LCD-RP2040.dir/Users/petrvanek/Documents/pico-sdk/src/common/pico_sync/mutex.c.obj
 .debug_info    0x00000000000108af      0xb65 CMakeFiles/5110-LCD-RP2040.dir/Users/petrvanek/Documents/pico-sdk/src/rp2_common/hardware_uart/uart.c.obj
 .debug_info    0x0000000000011414      0xa87 CMakeFiles/5110-LCD-RP2040.dir/Users/petrvanek/Documents/pico-sdk/src/rp2_common/pico_runtime/runtime.c.obj
 .debug_info    0x0000000000011e9b      0xf63 CMakeFiles/5110-LCD-RP2040.dir/Users/petrvanek/Documents/pico-sdk/src/rp2_common/hardware_clocks/clocks.c.obj